Starting structured support-pool task: k=4 rho=1.0
B={1,16,256,4096} N={4096,16384} repeats=3 ranks<=64
[1/24] k=4 rho=1 B=1 N=4096 repeat=1/3 ID2=1.019
/home/jacopominniti_sakana_ai/id-features/.venv/lib/python3.12/site-packages/dadapy/_utils/utils.py:152: UserWarning: There are points with neighbours at 0 distance, meaning the dataset probably has identical points.
This can cause problems in various routines.
We suggest to either perform smearing of distances using
remove_zero_dists()
or remove identical points using
remove_identical_points()).
  warnings.warn(
/home/jacopominniti_sakana_ai/id-features/.venv/lib/python3.12/site-packages/dadapy/id_estimation.py:409: RuntimeWarning: divide by zero encountered in divide
  mus = self.distances[:, nn_ranks[1:]] / self.distances[:, nn_ranks[:-1]]
/home/jacopominniti_sakana_ai/id-features/.venv/lib/python3.12/site-packages/dadapy/_utils/utils.py:245: RuntimeWarning: invalid value encountered in multiply
  tmp = np.multiply(factor1**2, factor2)
[2/24] k=4 rho=1 B=1 N=16384 repeat=1/3 ID2=1.032
[3/24] k=4 rho=1 B=16 N=4096 repeat=1/3 ID2=1.238
/home/jacopominniti_sakana_ai/id-features/.venv/lib/python3.12/site-packages/dadapy/_utils/utils.py:152: UserWarning: There are points with neighbours at 0 distance, meaning the dataset probably has identical points.
This can cause problems in various routines.
We suggest to either perform smearing of distances using
remove_zero_dists()
or remove identical points using
remove_identical_points()).
  warnings.warn(
/home/jacopominniti_sakana_ai/id-features/.venv/lib/python3.12/site-packages/dadapy/id_estimation.py:409: RuntimeWarning: divide by zero encountered in divide
  mus = self.distances[:, nn_ranks[1:]] / self.distances[:, nn_ranks[:-1]]
/home/jacopominniti_sakana_ai/id-features/.venv/lib/python3.12/site-packages/dadapy/_utils/utils.py:245: RuntimeWarning: invalid value encountered in multiply
  tmp = np.multiply(factor1**2, factor2)
[4/24] k=4 rho=1 B=16 N=16384 repeat=1/3 ID2=1.198
[5/24] k=4 rho=1 B=256 N=4096 repeat=1/3 ID2=1.354
[6/24] k=4 rho=1 B=256 N=16384 repeat=1/3 ID2=1.294
[7/24] k=4 rho=1 B=4096 N=4096 repeat=1/3 ID2=11.201
[8/24] k=4 rho=1 B=4096 N=16384 repeat=1/3 ID2=1.800
[9/24] k=4 rho=1 B=1 N=4096 repeat=2/3 ID2=1.996
[10/24] k=4 rho=1 B=1 N=16384 repeat=2/3 ID2=1.990
[11/24] k=4 rho=1 B=16 N=4096 repeat=2/3 ID2=1.386
[12/24] k=4 rho=1 B=16 N=16384 repeat=2/3 ID2=1.434
[13/24] k=4 rho=1 B=256 N=4096 repeat=2/3 ID2=1.373
[14/24] k=4 rho=1 B=256 N=16384 repeat=2/3 ID2=1.359
[15/24] k=4 rho=1 B=4096 N=4096 repeat=2/3 ID2=10.978
[16/24] k=4 rho=1 B=4096 N=16384 repeat=2/3 ID2=1.797
[17/24] k=4 rho=1 B=1 N=4096 repeat=3/3 ID2=1.035
/home/jacopominniti_sakana_ai/id-features/.venv/lib/python3.12/site-packages/dadapy/_utils/utils.py:152: UserWarning: There are points with neighbours at 0 distance, meaning the dataset probably has identical points.
This can cause problems in various routines.
We suggest to either perform smearing of distances using
remove_zero_dists()
or remove identical points using
remove_identical_points()).
  warnings.warn(
/home/jacopominniti_sakana_ai/id-features/.venv/lib/python3.12/site-packages/dadapy/id_estimation.py:409: RuntimeWarning: divide by zero encountered in divide
  mus = self.distances[:, nn_ranks[1:]] / self.distances[:, nn_ranks[:-1]]
/home/jacopominniti_sakana_ai/id-features/.venv/lib/python3.12/site-packages/dadapy/_utils/utils.py:245: RuntimeWarning: invalid value encountered in multiply
  tmp = np.multiply(factor1**2, factor2)
[18/24] k=4 rho=1 B=1 N=16384 repeat=3/3 ID2=1.020
[19/24] k=4 rho=1 B=16 N=4096 repeat=3/3 ID2=1.391
[20/24] k=4 rho=1 B=16 N=16384 repeat=3/3 ID2=1.346
[21/24] k=4 rho=1 B=256 N=4096 repeat=3/3 ID2=1.277
[22/24] k=4 rho=1 B=256 N=16384 repeat=3/3 ID2=1.324
[23/24] k=4 rho=1 B=4096 N=4096 repeat=3/3 ID2=11.171
[24/24] k=4 rho=1 B=4096 N=16384 repeat=3/3 ID2=1.822
