Starting Part 2 suite 'geometry' in /home/jacopominniti_sakana_ai/id-features
Results: results/part2-geometry-169194
Controls: D=32 m=256 modules=8 k={2,4,8} N={4096,16384} repeats=5 ranks<=64
[1/150] part2-geometry complete: repeat=1/5; coherence=0; k=2; N=4096
[2/150] part2-geometry complete: repeat=1/5; coherence=0; k=2; N=16384
[3/150] part2-geometry complete: repeat=1/5; coherence=0; k=4; N=4096
[4/150] part2-geometry complete: repeat=1/5; coherence=0; k=4; N=16384
[5/150] part2-geometry complete: repeat=1/5; coherence=0; k=8; N=4096
[6/150] part2-geometry complete: repeat=1/5; coherence=0; k=8; N=16384
[7/150] part2-geometry complete: repeat=1/5; coherence=0.25; k=2; N=4096
[8/150] part2-geometry complete: repeat=1/5; coherence=0.25; k=2; N=16384
[9/150] part2-geometry complete: repeat=1/5; coherence=0.25; k=4; N=4096
[10/150] part2-geometry complete: repeat=1/5; coherence=0.25; k=4; N=16384
[11/150] part2-geometry complete: repeat=1/5; coherence=0.25; k=8; N=4096
[12/150] part2-geometry complete: repeat=1/5; coherence=0.25; k=8; N=16384
[13/150] part2-geometry complete: repeat=1/5; coherence=0.5; k=2; N=4096
[14/150] part2-geometry complete: repeat=1/5; coherence=0.5; k=2; N=16384
[15/150] part2-geometry complete: repeat=1/5; coherence=0.5; k=4; N=4096
[16/150] part2-geometry complete: repeat=1/5; coherence=0.5; k=4; N=16384
[17/150] part2-geometry complete: repeat=1/5; coherence=0.5; k=8; N=4096
[18/150] part2-geometry complete: repeat=1/5; coherence=0.5; k=8; N=16384
[19/150] part2-geometry complete: repeat=1/5; coherence=0.75; k=2; N=4096
[20/150] part2-geometry complete: repeat=1/5; coherence=0.75; k=2; N=16384
[21/150] part2-geometry complete: repeat=1/5; coherence=0.75; k=4; N=4096
[22/150] part2-geometry complete: repeat=1/5; coherence=0.75; k=4; N=16384
[23/150] part2-geometry complete: repeat=1/5; coherence=0.75; k=8; N=4096
[24/150] part2-geometry complete: repeat=1/5; coherence=0.75; k=8; N=16384
[25/150] part2-geometry complete: repeat=1/5; coherence=0.9; k=2; N=4096
[26/150] part2-geometry complete: repeat=1/5; coherence=0.9; k=2; N=16384
[27/150] part2-geometry complete: repeat=1/5; coherence=0.9; k=4; N=4096
[28/150] part2-geometry complete: repeat=1/5; coherence=0.9; k=4; N=16384
[29/150] part2-geometry complete: repeat=1/5; coherence=0.9; k=8; N=4096
[30/150] part2-geometry complete: repeat=1/5; coherence=0.9; k=8; N=16384
[31/150] part2-geometry complete: repeat=2/5; coherence=0; k=2; N=4096
[32/150] part2-geometry complete: repeat=2/5; coherence=0; k=2; N=16384
[33/150] part2-geometry complete: repeat=2/5; coherence=0; k=4; N=4096
[34/150] part2-geometry complete: repeat=2/5; coherence=0; k=4; N=16384
[35/150] part2-geometry complete: repeat=2/5; coherence=0; k=8; N=4096
[36/150] part2-geometry complete: repeat=2/5; coherence=0; k=8; N=16384
[37/150] part2-geometry complete: repeat=2/5; coherence=0.25; k=2; N=4096
[38/150] part2-geometry complete: repeat=2/5; coherence=0.25; k=2; N=16384
[39/150] part2-geometry complete: repeat=2/5; coherence=0.25; k=4; N=4096
[40/150] part2-geometry complete: repeat=2/5; coherence=0.25; k=4; N=16384
[41/150] part2-geometry complete: repeat=2/5; coherence=0.25; k=8; N=4096
[42/150] part2-geometry complete: repeat=2/5; coherence=0.25; k=8; N=16384
[43/150] part2-geometry complete: repeat=2/5; coherence=0.5; k=2; N=4096
[44/150] part2-geometry complete: repeat=2/5; coherence=0.5; k=2; N=16384
[45/150] part2-geometry complete: repeat=2/5; coherence=0.5; k=4; N=4096
[46/150] part2-geometry complete: repeat=2/5; coherence=0.5; k=4; N=16384
[47/150] part2-geometry complete: repeat=2/5; coherence=0.5; k=8; N=4096
[48/150] part2-geometry complete: repeat=2/5; coherence=0.5; k=8; N=16384
[49/150] part2-geometry complete: repeat=2/5; coherence=0.75; k=2; N=4096
[50/150] part2-geometry complete: repeat=2/5; coherence=0.75; k=2; N=16384
[51/150] part2-geometry complete: repeat=2/5; coherence=0.75; k=4; N=4096
[52/150] part2-geometry complete: repeat=2/5; coherence=0.75; k=4; N=16384
[53/150] part2-geometry complete: repeat=2/5; coherence=0.75; k=8; N=4096
[54/150] part2-geometry complete: repeat=2/5; coherence=0.75; k=8; N=16384
[55/150] part2-geometry complete: repeat=2/5; coherence=0.9; k=2; N=4096
[56/150] part2-geometry complete: repeat=2/5; coherence=0.9; k=2; N=16384
[57/150] part2-geometry complete: repeat=2/5; coherence=0.9; k=4; N=4096
[58/150] part2-geometry complete: repeat=2/5; coherence=0.9; k=4; N=16384
[59/150] part2-geometry complete: repeat=2/5; coherence=0.9; k=8; N=4096
[60/150] part2-geometry complete: repeat=2/5; coherence=0.9; k=8; N=16384
[61/150] part2-geometry complete: repeat=3/5; coherence=0; k=2; N=4096
[62/150] part2-geometry complete: repeat=3/5; coherence=0; k=2; N=16384
[63/150] part2-geometry complete: repeat=3/5; coherence=0; k=4; N=4096
[64/150] part2-geometry complete: repeat=3/5; coherence=0; k=4; N=16384
[65/150] part2-geometry complete: repeat=3/5; coherence=0; k=8; N=4096
[66/150] part2-geometry complete: repeat=3/5; coherence=0; k=8; N=16384
[67/150] part2-geometry complete: repeat=3/5; coherence=0.25; k=2; N=4096
[68/150] part2-geometry complete: repeat=3/5; coherence=0.25; k=2; N=16384
[69/150] part2-geometry complete: repeat=3/5; coherence=0.25; k=4; N=4096
[70/150] part2-geometry complete: repeat=3/5; coherence=0.25; k=4; N=16384
[71/150] part2-geometry complete: repeat=3/5; coherence=0.25; k=8; N=4096
[72/150] part2-geometry complete: repeat=3/5; coherence=0.25; k=8; N=16384
[73/150] part2-geometry complete: repeat=3/5; coherence=0.5; k=2; N=4096
[74/150] part2-geometry complete: repeat=3/5; coherence=0.5; k=2; N=16384
[75/150] part2-geometry complete: repeat=3/5; coherence=0.5; k=4; N=4096
[76/150] part2-geometry complete: repeat=3/5; coherence=0.5; k=4; N=16384
[77/150] part2-geometry complete: repeat=3/5; coherence=0.5; k=8; N=4096
[78/150] part2-geometry complete: repeat=3/5; coherence=0.5; k=8; N=16384
[79/150] part2-geometry complete: repeat=3/5; coherence=0.75; k=2; N=4096
[80/150] part2-geometry complete: repeat=3/5; coherence=0.75; k=2; N=16384
[81/150] part2-geometry complete: repeat=3/5; coherence=0.75; k=4; N=4096
[82/150] part2-geometry complete: repeat=3/5; coherence=0.75; k=4; N=16384
[83/150] part2-geometry complete: repeat=3/5; coherence=0.75; k=8; N=4096
[84/150] part2-geometry complete: repeat=3/5; coherence=0.75; k=8; N=16384
[85/150] part2-geometry complete: repeat=3/5; coherence=0.9; k=2; N=4096
[86/150] part2-geometry complete: repeat=3/5; coherence=0.9; k=2; N=16384
[87/150] part2-geometry complete: repeat=3/5; coherence=0.9; k=4; N=4096
[88/150] part2-geometry complete: repeat=3/5; coherence=0.9; k=4; N=16384
[89/150] part2-geometry complete: repeat=3/5; coherence=0.9; k=8; N=4096
[90/150] part2-geometry complete: repeat=3/5; coherence=0.9; k=8; N=16384
[91/150] part2-geometry complete: repeat=4/5; coherence=0; k=2; N=4096
[92/150] part2-geometry complete: repeat=4/5; coherence=0; k=2; N=16384
[93/150] part2-geometry complete: repeat=4/5; coherence=0; k=4; N=4096
[94/150] part2-geometry complete: repeat=4/5; coherence=0; k=4; N=16384
[95/150] part2-geometry complete: repeat=4/5; coherence=0; k=8; N=4096
[96/150] part2-geometry complete: repeat=4/5; coherence=0; k=8; N=16384
[97/150] part2-geometry complete: repeat=4/5; coherence=0.25; k=2; N=4096
[98/150] part2-geometry complete: repeat=4/5; coherence=0.25; k=2; N=16384
[99/150] part2-geometry complete: repeat=4/5; coherence=0.25; k=4; N=4096
[100/150] part2-geometry complete: repeat=4/5; coherence=0.25; k=4; N=16384
[101/150] part2-geometry complete: repeat=4/5; coherence=0.25; k=8; N=4096
[102/150] part2-geometry complete: repeat=4/5; coherence=0.25; k=8; N=16384
[103/150] part2-geometry complete: repeat=4/5; coherence=0.5; k=2; N=4096
[104/150] part2-geometry complete: repeat=4/5; coherence=0.5; k=2; N=16384
[105/150] part2-geometry complete: repeat=4/5; coherence=0.5; k=4; N=4096
[106/150] part2-geometry complete: repeat=4/5; coherence=0.5; k=4; N=16384
[107/150] part2-geometry complete: repeat=4/5; coherence=0.5; k=8; N=4096
[108/150] part2-geometry complete: repeat=4/5; coherence=0.5; k=8; N=16384
[109/150] part2-geometry complete: repeat=4/5; coherence=0.75; k=2; N=4096
[110/150] part2-geometry complete: repeat=4/5; coherence=0.75; k=2; N=16384
[111/150] part2-geometry complete: repeat=4/5; coherence=0.75; k=4; N=4096
[112/150] part2-geometry complete: repeat=4/5; coherence=0.75; k=4; N=16384
[113/150] part2-geometry complete: repeat=4/5; coherence=0.75; k=8; N=4096
[114/150] part2-geometry complete: repeat=4/5; coherence=0.75; k=8; N=16384
[115/150] part2-geometry complete: repeat=4/5; coherence=0.9; k=2; N=4096
[116/150] part2-geometry complete: repeat=4/5; coherence=0.9; k=2; N=16384
[117/150] part2-geometry complete: repeat=4/5; coherence=0.9; k=4; N=4096
[118/150] part2-geometry complete: repeat=4/5; coherence=0.9; k=4; N=16384
[119/150] part2-geometry complete: repeat=4/5; coherence=0.9; k=8; N=4096
[120/150] part2-geometry complete: repeat=4/5; coherence=0.9; k=8; N=16384
[121/150] part2-geometry complete: repeat=5/5; coherence=0; k=2; N=4096
[122/150] part2-geometry complete: repeat=5/5; coherence=0; k=2; N=16384
[123/150] part2-geometry complete: repeat=5/5; coherence=0; k=4; N=4096
[124/150] part2-geometry complete: repeat=5/5; coherence=0; k=4; N=16384
[125/150] part2-geometry complete: repeat=5/5; coherence=0; k=8; N=4096
[126/150] part2-geometry complete: repeat=5/5; coherence=0; k=8; N=16384
[127/150] part2-geometry complete: repeat=5/5; coherence=0.25; k=2; N=4096
[128/150] part2-geometry complete: repeat=5/5; coherence=0.25; k=2; N=16384
[129/150] part2-geometry complete: repeat=5/5; coherence=0.25; k=4; N=4096
[130/150] part2-geometry complete: repeat=5/5; coherence=0.25; k=4; N=16384
[131/150] part2-geometry complete: repeat=5/5; coherence=0.25; k=8; N=4096
[132/150] part2-geometry complete: repeat=5/5; coherence=0.25; k=8; N=16384
[133/150] part2-geometry complete: repeat=5/5; coherence=0.5; k=2; N=4096
[134/150] part2-geometry complete: repeat=5/5; coherence=0.5; k=2; N=16384
[135/150] part2-geometry complete: repeat=5/5; coherence=0.5; k=4; N=4096
[136/150] part2-geometry complete: repeat=5/5; coherence=0.5; k=4; N=16384
[137/150] part2-geometry complete: repeat=5/5; coherence=0.5; k=8; N=4096
[138/150] part2-geometry complete: repeat=5/5; coherence=0.5; k=8; N=16384
[139/150] part2-geometry complete: repeat=5/5; coherence=0.75; k=2; N=4096
[140/150] part2-geometry complete: repeat=5/5; coherence=0.75; k=2; N=16384
[141/150] part2-geometry complete: repeat=5/5; coherence=0.75; k=4; N=4096
[142/150] part2-geometry complete: repeat=5/5; coherence=0.75; k=4; N=16384
[143/150] part2-geometry complete: repeat=5/5; coherence=0.75; k=8; N=4096
[144/150] part2-geometry complete: repeat=5/5; coherence=0.75; k=8; N=16384
[145/150] part2-geometry complete: repeat=5/5; coherence=0.9; k=2; N=4096
[146/150] part2-geometry complete: repeat=5/5; coherence=0.9; k=2; N=16384
[147/150] part2-geometry complete: repeat=5/5; coherence=0.9; k=4; N=4096
[148/150] part2-geometry complete: repeat=5/5; coherence=0.9; k=4; N=16384
[149/150] part2-geometry complete: repeat=5/5; coherence=0.9; k=8; N=4096
[150/150] part2-geometry complete: repeat=5/5; coherence=0.9; k=8; N=16384
Wrote results to results/part2-geometry-169194
Wrote results/part2-geometry-169194/overview.png
Read results/part2-geometry-169194/interpretation.md after inspecting gride_profiles.csv.
