Starting structured support-pool task: k=8 rho=1.0
B={1,16,256,4096} N={4096,16384} repeats=3 ranks<=64
[1/24] k=8 rho=1 B=1 N=4096 repeat=1/3 ID2=3.085
[2/24] k=8 rho=1 B=1 N=16384 repeat=1/3 ID2=2.976
[3/24] k=8 rho=1 B=16 N=4096 repeat=1/3 ID2=1.739
[4/24] k=8 rho=1 B=16 N=16384 repeat=1/3 ID2=1.744
[5/24] k=8 rho=1 B=256 N=4096 repeat=1/3 ID2=1.790
[6/24] k=8 rho=1 B=256 N=16384 repeat=1/3 ID2=1.822
[7/24] k=8 rho=1 B=4096 N=4096 repeat=1/3 ID2=13.255
[8/24] k=8 rho=1 B=4096 N=16384 repeat=1/3 ID2=2.399
/home/jacopominniti_sakana_ai/id-features/.venv/lib/python3.12/site-packages/dadapy/_utils/utils.py:152: UserWarning: There are points with neighbours at 0 distance, meaning the dataset probably has identical points.
This can cause problems in various routines.
We suggest to either perform smearing of distances using
remove_zero_dists()
or remove identical points using
remove_identical_points()).
  warnings.warn(
/home/jacopominniti_sakana_ai/id-features/.venv/lib/python3.12/site-packages/dadapy/id_estimation.py:409: RuntimeWarning: divide by zero encountered in divide
  mus = self.distances[:, nn_ranks[1:]] / self.distances[:, nn_ranks[:-1]]
/home/jacopominniti_sakana_ai/id-features/.venv/lib/python3.12/site-packages/dadapy/_utils/utils.py:245: RuntimeWarning: invalid value encountered in multiply
  tmp = np.multiply(factor1**2, factor2)
[9/24] k=8 rho=1 B=1 N=4096 repeat=2/3 ID2=1.001
/home/jacopominniti_sakana_ai/id-features/.venv/lib/python3.12/site-packages/dadapy/_utils/utils.py:152: UserWarning: There are points with neighbours at 0 distance, meaning the dataset probably has identical points.
This can cause problems in various routines.
We suggest to either perform smearing of distances using
remove_zero_dists()
or remove identical points using
remove_identical_points()).
  warnings.warn(
/home/jacopominniti_sakana_ai/id-features/.venv/lib/python3.12/site-packages/dadapy/id_estimation.py:409: RuntimeWarning: divide by zero encountered in divide
  mus = self.distances[:, nn_ranks[1:]] / self.distances[:, nn_ranks[:-1]]
/home/jacopominniti_sakana_ai/id-features/.venv/lib/python3.12/site-packages/dadapy/_utils/utils.py:245: RuntimeWarning: invalid value encountered in multiply
  tmp = np.multiply(factor1**2, factor2)
[10/24] k=8 rho=1 B=1 N=16384 repeat=2/3 ID2=1.011
[11/24] k=8 rho=1 B=16 N=4096 repeat=2/3 ID2=1.555
[12/24] k=8 rho=1 B=16 N=16384 repeat=2/3 ID2=1.529
[13/24] k=8 rho=1 B=256 N=4096 repeat=2/3 ID2=1.693
[14/24] k=8 rho=1 B=256 N=16384 repeat=2/3 ID2=1.738
[15/24] k=8 rho=1 B=4096 N=4096 repeat=2/3 ID2=13.561
[16/24] k=8 rho=1 B=4096 N=16384 repeat=2/3 ID2=2.386
[17/24] k=8 rho=1 B=1 N=4096 repeat=3/3 ID2=2.039
[18/24] k=8 rho=1 B=1 N=16384 repeat=3/3 ID2=1.975
[19/24] k=8 rho=1 B=16 N=4096 repeat=3/3 ID2=1.768
[20/24] k=8 rho=1 B=16 N=16384 repeat=3/3 ID2=1.768
[21/24] k=8 rho=1 B=256 N=4096 repeat=3/3 ID2=1.793
[22/24] k=8 rho=1 B=256 N=16384 repeat=3/3 ID2=1.863
[23/24] k=8 rho=1 B=4096 N=4096 repeat=3/3 ID2=12.859
[24/24] k=8 rho=1 B=4096 N=16384 repeat=3/3 ID2=2.340
