Starting BID audit in /home/jacopominniti_sakana_ai/id-features
Results: results/bid-audit-169146
Controls: D=64 m=256 k=2,4,8,16 B=1,64 N=2560 repeats=3 alpha=0.1,0.2,0.3,0.5,1 local-alpha=0.2 BID-steps=100000
[1/84] bid-audit complete: independent-bits;k=2;repeat=0
[2/84] bid-audit complete: activation-sign;k=2;B=1;repeat=0
[3/84] bid-audit complete: activation-two-bit;k=2;B=1;repeat=0
[4/84] bid-audit complete: latent-sign;k=2;B=1;repeat=0
[5/84] bid-audit complete: activation-sign;k=2;B=64;repeat=0
[6/84] bid-audit complete: activation-two-bit;k=2;B=64;repeat=0
[7/84] bid-audit complete: support-mask;k=2;B=64;repeat=0
[8/84] bid-audit complete: independent-bits;k=4;repeat=0
[9/84] bid-audit complete: activation-sign;k=4;B=1;repeat=0
[10/84] bid-audit complete: activation-two-bit;k=4;B=1;repeat=0
[11/84] bid-audit complete: latent-sign;k=4;B=1;repeat=0
[12/84] bid-audit complete: activation-sign;k=4;B=64;repeat=0
[13/84] bid-audit complete: activation-two-bit;k=4;B=64;repeat=0
[14/84] bid-audit complete: support-mask;k=4;B=64;repeat=0
[15/84] bid-audit complete: independent-bits;k=8;repeat=0
[16/84] bid-audit complete: activation-sign;k=8;B=1;repeat=0
[17/84] bid-audit complete: activation-two-bit;k=8;B=1;repeat=0
[18/84] bid-audit complete: latent-sign;k=8;B=1;repeat=0
[19/84] bid-audit complete: activation-sign;k=8;B=64;repeat=0
[20/84] bid-audit complete: activation-two-bit;k=8;B=64;repeat=0
[21/84] bid-audit complete: support-mask;k=8;B=64;repeat=0
[22/84] bid-audit complete: independent-bits;k=16;repeat=0
[23/84] bid-audit complete: activation-sign;k=16;B=1;repeat=0
[24/84] bid-audit complete: activation-two-bit;k=16;B=1;repeat=0
[25/84] bid-audit complete: latent-sign;k=16;B=1;repeat=0
[26/84] bid-audit complete: activation-sign;k=16;B=64;repeat=0
[27/84] bid-audit complete: activation-two-bit;k=16;B=64;repeat=0
[28/84] bid-audit complete: support-mask;k=16;B=64;repeat=0
[29/84] bid-audit complete: independent-bits;k=2;repeat=1
[30/84] bid-audit complete: activation-sign;k=2;B=1;repeat=1
[31/84] bid-audit complete: activation-two-bit;k=2;B=1;repeat=1
[32/84] bid-audit complete: latent-sign;k=2;B=1;repeat=1
[33/84] bid-audit complete: activation-sign;k=2;B=64;repeat=1
[34/84] bid-audit complete: activation-two-bit;k=2;B=64;repeat=1
[35/84] bid-audit complete: support-mask;k=2;B=64;repeat=1
[36/84] bid-audit complete: independent-bits;k=4;repeat=1
[37/84] bid-audit complete: activation-sign;k=4;B=1;repeat=1
[38/84] bid-audit complete: activation-two-bit;k=4;B=1;repeat=1
[39/84] bid-audit complete: latent-sign;k=4;B=1;repeat=1
[40/84] bid-audit complete: activation-sign;k=4;B=64;repeat=1
[41/84] bid-audit complete: activation-two-bit;k=4;B=64;repeat=1
[42/84] bid-audit complete: support-mask;k=4;B=64;repeat=1
[43/84] bid-audit complete: independent-bits;k=8;repeat=1
[44/84] bid-audit complete: activation-sign;k=8;B=1;repeat=1
[45/84] bid-audit complete: activation-two-bit;k=8;B=1;repeat=1
[46/84] bid-audit complete: latent-sign;k=8;B=1;repeat=1
[47/84] bid-audit complete: activation-sign;k=8;B=64;repeat=1
[48/84] bid-audit complete: activation-two-bit;k=8;B=64;repeat=1
[49/84] bid-audit complete: support-mask;k=8;B=64;repeat=1
[50/84] bid-audit complete: independent-bits;k=16;repeat=1
[51/84] bid-audit complete: activation-sign;k=16;B=1;repeat=1
[52/84] bid-audit complete: activation-two-bit;k=16;B=1;repeat=1
[53/84] bid-audit complete: latent-sign;k=16;B=1;repeat=1
[54/84] bid-audit complete: activation-sign;k=16;B=64;repeat=1
[55/84] bid-audit complete: activation-two-bit;k=16;B=64;repeat=1
[56/84] bid-audit complete: support-mask;k=16;B=64;repeat=1
[57/84] bid-audit complete: independent-bits;k=2;repeat=2
[58/84] bid-audit complete: activation-sign;k=2;B=1;repeat=2
[59/84] bid-audit complete: activation-two-bit;k=2;B=1;repeat=2
[60/84] bid-audit complete: latent-sign;k=2;B=1;repeat=2
[61/84] bid-audit complete: activation-sign;k=2;B=64;repeat=2
[62/84] bid-audit complete: activation-two-bit;k=2;B=64;repeat=2
[63/84] bid-audit complete: support-mask;k=2;B=64;repeat=2
[64/84] bid-audit complete: independent-bits;k=4;repeat=2
[65/84] bid-audit complete: activation-sign;k=4;B=1;repeat=2
[66/84] bid-audit complete: activation-two-bit;k=4;B=1;repeat=2
[67/84] bid-audit complete: latent-sign;k=4;B=1;repeat=2
[68/84] bid-audit complete: activation-sign;k=4;B=64;repeat=2
[69/84] bid-audit complete: activation-two-bit;k=4;B=64;repeat=2
[70/84] bid-audit complete: support-mask;k=4;B=64;repeat=2
[71/84] bid-audit complete: independent-bits;k=8;repeat=2
[72/84] bid-audit complete: activation-sign;k=8;B=1;repeat=2
[73/84] bid-audit complete: activation-two-bit;k=8;B=1;repeat=2
[74/84] bid-audit complete: latent-sign;k=8;B=1;repeat=2
[75/84] bid-audit complete: activation-sign;k=8;B=64;repeat=2
[76/84] bid-audit complete: activation-two-bit;k=8;B=64;repeat=2
[77/84] bid-audit complete: support-mask;k=8;B=64;repeat=2
[78/84] bid-audit complete: independent-bits;k=16;repeat=2
[79/84] bid-audit complete: activation-sign;k=16;B=1;repeat=2
[80/84] bid-audit complete: activation-two-bit;k=16;B=1;repeat=2
[81/84] bid-audit complete: latent-sign;k=16;B=1;repeat=2
[82/84] bid-audit complete: activation-sign;k=16;B=64;repeat=2
[83/84] bid-audit complete: activation-two-bit;k=16;B=64;repeat=2
[84/84] bid-audit complete: support-mask;k=16;B=64;repeat=2
Wrote results to results/bid-audit-169146
Wrote results/bid-audit-169146/overview.png
Read results/bid-audit-169146/interpretation.md after inspecting bid_fits.csv and bid_histograms.csv.
