Starting Part 2 suite 'combined' in /home/jacopominniti_sakana_ai/id-features
Results: results/part2-combined-169194
Controls: D=32 m=256 modules=8 k={2,4,8} N={4096,16384} repeats=5 ranks<=64
[1/210] part2-combined complete: repeat=1/5; baseline; k=2; N=4096
[2/210] part2-combined complete: repeat=1/5; baseline; k=2; N=16384
[3/210] part2-combined complete: repeat=1/5; baseline; k=4; N=4096
[4/210] part2-combined complete: repeat=1/5; baseline; k=4; N=16384
[5/210] part2-combined complete: repeat=1/5; baseline; k=8; N=4096
[6/210] part2-combined complete: repeat=1/5; baseline; k=8; N=16384
[7/210] part2-combined complete: repeat=1/5; modular_support; k=2; N=4096
[8/210] part2-combined complete: repeat=1/5; modular_support; k=2; N=16384
[9/210] part2-combined complete: repeat=1/5; modular_support; k=4; N=4096
[10/210] part2-combined complete: repeat=1/5; modular_support; k=4; N=16384
[11/210] part2-combined complete: repeat=1/5; modular_support; k=8; N=4096
[12/210] part2-combined complete: repeat=1/5; modular_support; k=8; N=16384
[13/210] part2-combined complete: repeat=1/5; zipf_frequencies; k=2; N=4096
[14/210] part2-combined complete: repeat=1/5; zipf_frequencies; k=2; N=16384
[15/210] part2-combined complete: repeat=1/5; zipf_frequencies; k=4; N=4096
[16/210] part2-combined complete: repeat=1/5; zipf_frequencies; k=4; N=16384
[17/210] part2-combined complete: repeat=1/5; zipf_frequencies; k=8; N=4096
[18/210] part2-combined complete: repeat=1/5; zipf_frequencies; k=8; N=16384
[19/210] part2-combined complete: repeat=1/5; shared_amplitudes; k=2; N=4096
[20/210] part2-combined complete: repeat=1/5; shared_amplitudes; k=2; N=16384
[21/210] part2-combined complete: repeat=1/5; shared_amplitudes; k=4; N=4096
[22/210] part2-combined complete: repeat=1/5; shared_amplitudes; k=4; N=16384
[23/210] part2-combined complete: repeat=1/5; shared_amplitudes; k=8; N=4096
[24/210] part2-combined complete: repeat=1/5; shared_amplitudes; k=8; N=16384
[25/210] part2-combined complete: repeat=1/5; coherent_geometry; k=2; N=4096
[26/210] part2-combined complete: repeat=1/5; coherent_geometry; k=2; N=16384
[27/210] part2-combined complete: repeat=1/5; coherent_geometry; k=4; N=4096
[28/210] part2-combined complete: repeat=1/5; coherent_geometry; k=4; N=16384
[29/210] part2-combined complete: repeat=1/5; coherent_geometry; k=8; N=4096
[30/210] part2-combined complete: repeat=1/5; coherent_geometry; k=8; N=16384
[31/210] part2-combined complete: repeat=1/5; llm_like; k=2; N=4096
[32/210] part2-combined complete: repeat=1/5; llm_like; k=2; N=16384
[33/210] part2-combined complete: repeat=1/5; llm_like; k=4; N=4096
[34/210] part2-combined complete: repeat=1/5; llm_like; k=4; N=16384
[35/210] part2-combined complete: repeat=1/5; llm_like; k=8; N=4096
[36/210] part2-combined complete: repeat=1/5; llm_like; k=8; N=16384
[37/210] part2-combined complete: repeat=1/5; llm_like_exact_shared; k=2; N=4096
[38/210] part2-combined complete: repeat=1/5; llm_like_exact_shared; k=2; N=16384
[39/210] part2-combined complete: repeat=1/5; llm_like_exact_shared; k=4; N=4096
[40/210] part2-combined complete: repeat=1/5; llm_like_exact_shared; k=4; N=16384
[41/210] part2-combined complete: repeat=1/5; llm_like_exact_shared; k=8; N=4096
[42/210] part2-combined complete: repeat=1/5; llm_like_exact_shared; k=8; N=16384
[43/210] part2-combined complete: repeat=2/5; baseline; k=2; N=4096
[44/210] part2-combined complete: repeat=2/5; baseline; k=2; N=16384
[45/210] part2-combined complete: repeat=2/5; baseline; k=4; N=4096
[46/210] part2-combined complete: repeat=2/5; baseline; k=4; N=16384
[47/210] part2-combined complete: repeat=2/5; baseline; k=8; N=4096
[48/210] part2-combined complete: repeat=2/5; baseline; k=8; N=16384
[49/210] part2-combined complete: repeat=2/5; modular_support; k=2; N=4096
[50/210] part2-combined complete: repeat=2/5; modular_support; k=2; N=16384
[51/210] part2-combined complete: repeat=2/5; modular_support; k=4; N=4096
[52/210] part2-combined complete: repeat=2/5; modular_support; k=4; N=16384
[53/210] part2-combined complete: repeat=2/5; modular_support; k=8; N=4096
[54/210] part2-combined complete: repeat=2/5; modular_support; k=8; N=16384
[55/210] part2-combined complete: repeat=2/5; zipf_frequencies; k=2; N=4096
[56/210] part2-combined complete: repeat=2/5; zipf_frequencies; k=2; N=16384
[57/210] part2-combined complete: repeat=2/5; zipf_frequencies; k=4; N=4096
[58/210] part2-combined complete: repeat=2/5; zipf_frequencies; k=4; N=16384
[59/210] part2-combined complete: repeat=2/5; zipf_frequencies; k=8; N=4096
[60/210] part2-combined complete: repeat=2/5; zipf_frequencies; k=8; N=16384
[61/210] part2-combined complete: repeat=2/5; shared_amplitudes; k=2; N=4096
[62/210] part2-combined complete: repeat=2/5; shared_amplitudes; k=2; N=16384
[63/210] part2-combined complete: repeat=2/5; shared_amplitudes; k=4; N=4096
[64/210] part2-combined complete: repeat=2/5; shared_amplitudes; k=4; N=16384
[65/210] part2-combined complete: repeat=2/5; shared_amplitudes; k=8; N=4096
[66/210] part2-combined complete: repeat=2/5; shared_amplitudes; k=8; N=16384
[67/210] part2-combined complete: repeat=2/5; coherent_geometry; k=2; N=4096
[68/210] part2-combined complete: repeat=2/5; coherent_geometry; k=2; N=16384
[69/210] part2-combined complete: repeat=2/5; coherent_geometry; k=4; N=4096
[70/210] part2-combined complete: repeat=2/5; coherent_geometry; k=4; N=16384
[71/210] part2-combined complete: repeat=2/5; coherent_geometry; k=8; N=4096
[72/210] part2-combined complete: repeat=2/5; coherent_geometry; k=8; N=16384
[73/210] part2-combined complete: repeat=2/5; llm_like; k=2; N=4096
[74/210] part2-combined complete: repeat=2/5; llm_like; k=2; N=16384
[75/210] part2-combined complete: repeat=2/5; llm_like; k=4; N=4096
[76/210] part2-combined complete: repeat=2/5; llm_like; k=4; N=16384
[77/210] part2-combined complete: repeat=2/5; llm_like; k=8; N=4096
[78/210] part2-combined complete: repeat=2/5; llm_like; k=8; N=16384
[79/210] part2-combined complete: repeat=2/5; llm_like_exact_shared; k=2; N=4096
[80/210] part2-combined complete: repeat=2/5; llm_like_exact_shared; k=2; N=16384
[81/210] part2-combined complete: repeat=2/5; llm_like_exact_shared; k=4; N=4096
[82/210] part2-combined complete: repeat=2/5; llm_like_exact_shared; k=4; N=16384
[83/210] part2-combined complete: repeat=2/5; llm_like_exact_shared; k=8; N=4096
[84/210] part2-combined complete: repeat=2/5; llm_like_exact_shared; k=8; N=16384
[85/210] part2-combined complete: repeat=3/5; baseline; k=2; N=4096
[86/210] part2-combined complete: repeat=3/5; baseline; k=2; N=16384
[87/210] part2-combined complete: repeat=3/5; baseline; k=4; N=4096
[88/210] part2-combined complete: repeat=3/5; baseline; k=4; N=16384
[89/210] part2-combined complete: repeat=3/5; baseline; k=8; N=4096
[90/210] part2-combined complete: repeat=3/5; baseline; k=8; N=16384
[91/210] part2-combined complete: repeat=3/5; modular_support; k=2; N=4096
[92/210] part2-combined complete: repeat=3/5; modular_support; k=2; N=16384
[93/210] part2-combined complete: repeat=3/5; modular_support; k=4; N=4096
[94/210] part2-combined complete: repeat=3/5; modular_support; k=4; N=16384
[95/210] part2-combined complete: repeat=3/5; modular_support; k=8; N=4096
[96/210] part2-combined complete: repeat=3/5; modular_support; k=8; N=16384
[97/210] part2-combined complete: repeat=3/5; zipf_frequencies; k=2; N=4096
[98/210] part2-combined complete: repeat=3/5; zipf_frequencies; k=2; N=16384
[99/210] part2-combined complete: repeat=3/5; zipf_frequencies; k=4; N=4096
[100/210] part2-combined complete: repeat=3/5; zipf_frequencies; k=4; N=16384
[101/210] part2-combined complete: repeat=3/5; zipf_frequencies; k=8; N=4096
[102/210] part2-combined complete: repeat=3/5; zipf_frequencies; k=8; N=16384
[103/210] part2-combined complete: repeat=3/5; shared_amplitudes; k=2; N=4096
[104/210] part2-combined complete: repeat=3/5; shared_amplitudes; k=2; N=16384
[105/210] part2-combined complete: repeat=3/5; shared_amplitudes; k=4; N=4096
[106/210] part2-combined complete: repeat=3/5; shared_amplitudes; k=4; N=16384
[107/210] part2-combined complete: repeat=3/5; shared_amplitudes; k=8; N=4096
[108/210] part2-combined complete: repeat=3/5; shared_amplitudes; k=8; N=16384
[109/210] part2-combined complete: repeat=3/5; coherent_geometry; k=2; N=4096
[110/210] part2-combined complete: repeat=3/5; coherent_geometry; k=2; N=16384
[111/210] part2-combined complete: repeat=3/5; coherent_geometry; k=4; N=4096
[112/210] part2-combined complete: repeat=3/5; coherent_geometry; k=4; N=16384
[113/210] part2-combined complete: repeat=3/5; coherent_geometry; k=8; N=4096
[114/210] part2-combined complete: repeat=3/5; coherent_geometry; k=8; N=16384
[115/210] part2-combined complete: repeat=3/5; llm_like; k=2; N=4096
[116/210] part2-combined complete: repeat=3/5; llm_like; k=2; N=16384
[117/210] part2-combined complete: repeat=3/5; llm_like; k=4; N=4096
[118/210] part2-combined complete: repeat=3/5; llm_like; k=4; N=16384
[119/210] part2-combined complete: repeat=3/5; llm_like; k=8; N=4096
[120/210] part2-combined complete: repeat=3/5; llm_like; k=8; N=16384
[121/210] part2-combined complete: repeat=3/5; llm_like_exact_shared; k=2; N=4096
[122/210] part2-combined complete: repeat=3/5; llm_like_exact_shared; k=2; N=16384
[123/210] part2-combined complete: repeat=3/5; llm_like_exact_shared; k=4; N=4096
[124/210] part2-combined complete: repeat=3/5; llm_like_exact_shared; k=4; N=16384
[125/210] part2-combined complete: repeat=3/5; llm_like_exact_shared; k=8; N=4096
[126/210] part2-combined complete: repeat=3/5; llm_like_exact_shared; k=8; N=16384
[127/210] part2-combined complete: repeat=4/5; baseline; k=2; N=4096
[128/210] part2-combined complete: repeat=4/5; baseline; k=2; N=16384
[129/210] part2-combined complete: repeat=4/5; baseline; k=4; N=4096
[130/210] part2-combined complete: repeat=4/5; baseline; k=4; N=16384
[131/210] part2-combined complete: repeat=4/5; baseline; k=8; N=4096
[132/210] part2-combined complete: repeat=4/5; baseline; k=8; N=16384
[133/210] part2-combined complete: repeat=4/5; modular_support; k=2; N=4096
[134/210] part2-combined complete: repeat=4/5; modular_support; k=2; N=16384
[135/210] part2-combined complete: repeat=4/5; modular_support; k=4; N=4096
[136/210] part2-combined complete: repeat=4/5; modular_support; k=4; N=16384
[137/210] part2-combined complete: repeat=4/5; modular_support; k=8; N=4096
[138/210] part2-combined complete: repeat=4/5; modular_support; k=8; N=16384
[139/210] part2-combined complete: repeat=4/5; zipf_frequencies; k=2; N=4096
[140/210] part2-combined complete: repeat=4/5; zipf_frequencies; k=2; N=16384
[141/210] part2-combined complete: repeat=4/5; zipf_frequencies; k=4; N=4096
[142/210] part2-combined complete: repeat=4/5; zipf_frequencies; k=4; N=16384
[143/210] part2-combined complete: repeat=4/5; zipf_frequencies; k=8; N=4096
[144/210] part2-combined complete: repeat=4/5; zipf_frequencies; k=8; N=16384
[145/210] part2-combined complete: repeat=4/5; shared_amplitudes; k=2; N=4096
[146/210] part2-combined complete: repeat=4/5; shared_amplitudes; k=2; N=16384
[147/210] part2-combined complete: repeat=4/5; shared_amplitudes; k=4; N=4096
[148/210] part2-combined complete: repeat=4/5; shared_amplitudes; k=4; N=16384
[149/210] part2-combined complete: repeat=4/5; shared_amplitudes; k=8; N=4096
[150/210] part2-combined complete: repeat=4/5; shared_amplitudes; k=8; N=16384
[151/210] part2-combined complete: repeat=4/5; coherent_geometry; k=2; N=4096
[152/210] part2-combined complete: repeat=4/5; coherent_geometry; k=2; N=16384
[153/210] part2-combined complete: repeat=4/5; coherent_geometry; k=4; N=4096
[154/210] part2-combined complete: repeat=4/5; coherent_geometry; k=4; N=16384
[155/210] part2-combined complete: repeat=4/5; coherent_geometry; k=8; N=4096
[156/210] part2-combined complete: repeat=4/5; coherent_geometry; k=8; N=16384
[157/210] part2-combined complete: repeat=4/5; llm_like; k=2; N=4096
[158/210] part2-combined complete: repeat=4/5; llm_like; k=2; N=16384
[159/210] part2-combined complete: repeat=4/5; llm_like; k=4; N=4096
[160/210] part2-combined complete: repeat=4/5; llm_like; k=4; N=16384
[161/210] part2-combined complete: repeat=4/5; llm_like; k=8; N=4096
[162/210] part2-combined complete: repeat=4/5; llm_like; k=8; N=16384
[163/210] part2-combined complete: repeat=4/5; llm_like_exact_shared; k=2; N=4096
[164/210] part2-combined complete: repeat=4/5; llm_like_exact_shared; k=2; N=16384
[165/210] part2-combined complete: repeat=4/5; llm_like_exact_shared; k=4; N=4096
[166/210] part2-combined complete: repeat=4/5; llm_like_exact_shared; k=4; N=16384
[167/210] part2-combined complete: repeat=4/5; llm_like_exact_shared; k=8; N=4096
[168/210] part2-combined complete: repeat=4/5; llm_like_exact_shared; k=8; N=16384
[169/210] part2-combined complete: repeat=5/5; baseline; k=2; N=4096
[170/210] part2-combined complete: repeat=5/5; baseline; k=2; N=16384
[171/210] part2-combined complete: repeat=5/5; baseline; k=4; N=4096
[172/210] part2-combined complete: repeat=5/5; baseline; k=4; N=16384
[173/210] part2-combined complete: repeat=5/5; baseline; k=8; N=4096
[174/210] part2-combined complete: repeat=5/5; baseline; k=8; N=16384
[175/210] part2-combined complete: repeat=5/5; modular_support; k=2; N=4096
[176/210] part2-combined complete: repeat=5/5; modular_support; k=2; N=16384
[177/210] part2-combined complete: repeat=5/5; modular_support; k=4; N=4096
[178/210] part2-combined complete: repeat=5/5; modular_support; k=4; N=16384
[179/210] part2-combined complete: repeat=5/5; modular_support; k=8; N=4096
[180/210] part2-combined complete: repeat=5/5; modular_support; k=8; N=16384
[181/210] part2-combined complete: repeat=5/5; zipf_frequencies; k=2; N=4096
[182/210] part2-combined complete: repeat=5/5; zipf_frequencies; k=2; N=16384
[183/210] part2-combined complete: repeat=5/5; zipf_frequencies; k=4; N=4096
[184/210] part2-combined complete: repeat=5/5; zipf_frequencies; k=4; N=16384
[185/210] part2-combined complete: repeat=5/5; zipf_frequencies; k=8; N=4096
[186/210] part2-combined complete: repeat=5/5; zipf_frequencies; k=8; N=16384
[187/210] part2-combined complete: repeat=5/5; shared_amplitudes; k=2; N=4096
[188/210] part2-combined complete: repeat=5/5; shared_amplitudes; k=2; N=16384
[189/210] part2-combined complete: repeat=5/5; shared_amplitudes; k=4; N=4096
[190/210] part2-combined complete: repeat=5/5; shared_amplitudes; k=4; N=16384
[191/210] part2-combined complete: repeat=5/5; shared_amplitudes; k=8; N=4096
[192/210] part2-combined complete: repeat=5/5; shared_amplitudes; k=8; N=16384
[193/210] part2-combined complete: repeat=5/5; coherent_geometry; k=2; N=4096
[194/210] part2-combined complete: repeat=5/5; coherent_geometry; k=2; N=16384
[195/210] part2-combined complete: repeat=5/5; coherent_geometry; k=4; N=4096
[196/210] part2-combined complete: repeat=5/5; coherent_geometry; k=4; N=16384
[197/210] part2-combined complete: repeat=5/5; coherent_geometry; k=8; N=4096
[198/210] part2-combined complete: repeat=5/5; coherent_geometry; k=8; N=16384
[199/210] part2-combined complete: repeat=5/5; llm_like; k=2; N=4096
[200/210] part2-combined complete: repeat=5/5; llm_like; k=2; N=16384
[201/210] part2-combined complete: repeat=5/5; llm_like; k=4; N=4096
[202/210] part2-combined complete: repeat=5/5; llm_like; k=4; N=16384
[203/210] part2-combined complete: repeat=5/5; llm_like; k=8; N=4096
[204/210] part2-combined complete: repeat=5/5; llm_like; k=8; N=16384
[205/210] part2-combined complete: repeat=5/5; llm_like_exact_shared; k=2; N=4096
[206/210] part2-combined complete: repeat=5/5; llm_like_exact_shared; k=2; N=16384
[207/210] part2-combined complete: repeat=5/5; llm_like_exact_shared; k=4; N=4096
[208/210] part2-combined complete: repeat=5/5; llm_like_exact_shared; k=4; N=16384
[209/210] part2-combined complete: repeat=5/5; llm_like_exact_shared; k=8; N=4096
[210/210] part2-combined complete: repeat=5/5; llm_like_exact_shared; k=8; N=16384
Wrote results to results/part2-combined-169194
Wrote results/part2-combined-169194/overview.png
Read results/part2-combined-169194/interpretation.md after inspecting gride_profiles.csv.
