Starting hypothesis 1 in /home/jacopominniti_sakana_ai/id-features
Results: results/hypothesis-1-167648
Controls: repeats=5 id_samples=4000 train_samples=4000 test_samples=4000
   Building id-features @ file:///home/jacopominniti_sakana_ai/id-features
      Built id-features @ file:///home/jacopominniti_sakana_ai/id-features
Uninstalled 1 package in 43ms
Installed 1 package in 111ms
[0/75] load-capacity complete: repeat=1/5; D=32;m=64;k=1;rho=0
[0/75] load-capacity complete: repeat=1/5; D=32;m=64;k=2;rho=0
[0/75] load-capacity complete: repeat=1/5; D=32;m=64;k=4;rho=0
[0/75] load-capacity complete: repeat=1/5; D=32;m=64;k=8;rho=0
[0/75] load-capacity complete: repeat=1/5; D=32;m=64;k=16;rho=0
[0/75] load-capacity complete: repeat=1/5; D=32;m=128;k=1;rho=0
[0/75] load-capacity complete: repeat=1/5; D=32;m=128;k=2;rho=0
[0/75] load-capacity complete: repeat=1/5; D=32;m=128;k=4;rho=0
[0/75] load-capacity complete: repeat=1/5; D=32;m=128;k=8;rho=0
[0/75] load-capacity complete: repeat=1/5; D=32;m=128;k=16;rho=0
[0/75] load-capacity complete: repeat=1/5; D=32;m=256;k=1;rho=0
[0/75] load-capacity complete: repeat=1/5; D=32;m=256;k=2;rho=0
[0/75] load-capacity complete: repeat=1/5; D=32;m=256;k=4;rho=0
[0/75] load-capacity complete: repeat=1/5; D=32;m=256;k=8;rho=0
[0/75] load-capacity complete: repeat=1/5; D=32;m=256;k=16;rho=0
[0/75] load-capacity complete: repeat=2/5; D=32;m=64;k=1;rho=0
[0/75] load-capacity complete: repeat=2/5; D=32;m=64;k=2;rho=0
[0/75] load-capacity complete: repeat=2/5; D=32;m=64;k=4;rho=0
[0/75] load-capacity complete: repeat=2/5; D=32;m=64;k=8;rho=0
[0/75] load-capacity complete: repeat=2/5; D=32;m=64;k=16;rho=0
[0/75] load-capacity complete: repeat=2/5; D=32;m=128;k=1;rho=0
[0/75] load-capacity complete: repeat=2/5; D=32;m=128;k=2;rho=0
[0/75] load-capacity complete: repeat=2/5; D=32;m=128;k=4;rho=0
[0/75] load-capacity complete: repeat=2/5; D=32;m=128;k=8;rho=0
[0/75] load-capacity complete: repeat=2/5; D=32;m=128;k=16;rho=0
[0/75] load-capacity complete: repeat=2/5; D=32;m=256;k=1;rho=0
[0/75] load-capacity complete: repeat=2/5; D=32;m=256;k=2;rho=0
[0/75] load-capacity complete: repeat=2/5; D=32;m=256;k=4;rho=0
[0/75] load-capacity complete: repeat=2/5; D=32;m=256;k=8;rho=0
[0/75] load-capacity complete: repeat=2/5; D=32;m=256;k=16;rho=0
[0/75] load-capacity complete: repeat=3/5; D=32;m=64;k=1;rho=0
[0/75] load-capacity complete: repeat=3/5; D=32;m=64;k=2;rho=0
[0/75] load-capacity complete: repeat=3/5; D=32;m=64;k=4;rho=0
[0/75] load-capacity complete: repeat=3/5; D=32;m=64;k=8;rho=0
[0/75] load-capacity complete: repeat=3/5; D=32;m=64;k=16;rho=0
[0/75] load-capacity complete: repeat=3/5; D=32;m=128;k=1;rho=0
[0/75] load-capacity complete: repeat=3/5; D=32;m=128;k=2;rho=0
[0/75] load-capacity complete: repeat=3/5; D=32;m=128;k=4;rho=0
[0/75] load-capacity complete: repeat=3/5; D=32;m=128;k=8;rho=0
[0/75] load-capacity complete: repeat=3/5; D=32;m=128;k=16;rho=0
[0/75] load-capacity complete: repeat=3/5; D=32;m=256;k=1;rho=0
[0/75] load-capacity complete: repeat=3/5; D=32;m=256;k=2;rho=0
[0/75] load-capacity complete: repeat=3/5; D=32;m=256;k=4;rho=0
[0/75] load-capacity complete: repeat=3/5; D=32;m=256;k=8;rho=0
[0/75] load-capacity complete: repeat=3/5; D=32;m=256;k=16;rho=0
[0/75] load-capacity complete: repeat=4/5; D=32;m=64;k=1;rho=0
[0/75] load-capacity complete: repeat=4/5; D=32;m=64;k=2;rho=0
[0/75] load-capacity complete: repeat=4/5; D=32;m=64;k=4;rho=0
[0/75] load-capacity complete: repeat=4/5; D=32;m=64;k=8;rho=0
[0/75] load-capacity complete: repeat=4/5; D=32;m=64;k=16;rho=0
[0/75] load-capacity complete: repeat=4/5; D=32;m=128;k=1;rho=0
[0/75] load-capacity complete: repeat=4/5; D=32;m=128;k=2;rho=0
[0/75] load-capacity complete: repeat=4/5; D=32;m=128;k=4;rho=0
[0/75] load-capacity complete: repeat=4/5; D=32;m=128;k=8;rho=0
[0/75] load-capacity complete: repeat=4/5; D=32;m=128;k=16;rho=0
[0/75] load-capacity complete: repeat=4/5; D=32;m=256;k=1;rho=0
[0/75] load-capacity complete: repeat=4/5; D=32;m=256;k=2;rho=0
[0/75] load-capacity complete: repeat=4/5; D=32;m=256;k=4;rho=0
[0/75] load-capacity complete: repeat=4/5; D=32;m=256;k=8;rho=0
[0/75] load-capacity complete: repeat=4/5; D=32;m=256;k=16;rho=0
[0/75] load-capacity complete: repeat=5/5; D=32;m=64;k=1;rho=0
[0/75] load-capacity complete: repeat=5/5; D=32;m=64;k=2;rho=0
[0/75] load-capacity complete: repeat=5/5; D=32;m=64;k=4;rho=0
[0/75] load-capacity complete: repeat=5/5; D=32;m=64;k=8;rho=0
[0/75] load-capacity complete: repeat=5/5; D=32;m=64;k=16;rho=0
[0/75] load-capacity complete: repeat=5/5; D=32;m=128;k=1;rho=0
[0/75] load-capacity complete: repeat=5/5; D=32;m=128;k=2;rho=0
[0/75] load-capacity complete: repeat=5/5; D=32;m=128;k=4;rho=0
[0/75] load-capacity complete: repeat=5/5; D=32;m=128;k=8;rho=0
[0/75] load-capacity complete: repeat=5/5; D=32;m=128;k=16;rho=0
[0/75] load-capacity complete: repeat=5/5; D=32;m=256;k=1;rho=0
[0/75] load-capacity complete: repeat=5/5; D=32;m=256;k=2;rho=0
[0/75] load-capacity complete: repeat=5/5; D=32;m=256;k=4;rho=0
[0/75] load-capacity complete: repeat=5/5; D=32;m=256;k=8;rho=0
[0/75] load-capacity complete: repeat=5/5; D=32;m=256;k=16;rho=0
Wrote results to results/hypothesis-1-167648
Wrote results/hypothesis-1-167648/overview.png
Read results/hypothesis-1-167648/interpretation.md after inspecting gride_profiles.csv.
