Starting manifold-geometry experiment in /home/jacopominniti_sakana_ai/id-features
Results: results/manifold-geometry-168480
Controls: D=64 m=256 d=4,8,16 N=4096,16384 activity=0.5,1,2 gamma=0.25,1,4 repeats=3 ranks<=64
[1/252] manifold-geometry complete: kind=sphere;d=4;N=4096;s=0;gamma=0
[2/252] manifold-geometry complete: kind=residual;d=4;N=4096;s=0;gamma=0
[3/252] manifold-geometry complete: kind=sphere;d=4;N=16384;s=0;gamma=0
[4/252] manifold-geometry complete: kind=residual;d=4;N=16384;s=0;gamma=0
/home/jacopominniti_sakana_ai/id-features/.venv/lib/python3.12/site-packages/dadapy/_utils/utils.py:152: UserWarning: There are points with neighbours at 0 distance, meaning the dataset probably has identical points.
This can cause problems in various routines.
We suggest to either perform smearing of distances using
remove_zero_dists()
or remove identical points using
remove_identical_points()).
  warnings.warn(
/home/jacopominniti_sakana_ai/id-features/.venv/lib/python3.12/site-packages/dadapy/id_estimation.py:409: RuntimeWarning: invalid value encountered in divide
  mus = self.distances[:, nn_ranks[1:]] / self.distances[:, nn_ranks[:-1]]
[5/252] manifold-geometry complete: kind=sparse;d=4;N=4096;s=2;gamma=1
[6/252] manifold-geometry complete: kind=combined;d=4;N=4096;s=2;gamma=0.25
[7/252] manifold-geometry complete: kind=combined;d=4;N=4096;s=2;gamma=1
[8/252] manifold-geometry complete: kind=combined;d=4;N=4096;s=2;gamma=4
/home/jacopominniti_sakana_ai/id-features/.venv/lib/python3.12/site-packages/dadapy/_utils/utils.py:152: UserWarning: There are points with neighbours at 0 distance, meaning the dataset probably has identical points.
This can cause problems in various routines.
We suggest to either perform smearing of distances using
remove_zero_dists()
or remove identical points using
remove_identical_points()).
  warnings.warn(
/home/jacopominniti_sakana_ai/id-features/.venv/lib/python3.12/site-packages/dadapy/id_estimation.py:409: RuntimeWarning: invalid value encountered in divide
  mus = self.distances[:, nn_ranks[1:]] / self.distances[:, nn_ranks[:-1]]
[9/252] manifold-geometry complete: kind=sparse;d=4;N=16384;s=2;gamma=1
[10/252] manifold-geometry complete: kind=combined;d=4;N=16384;s=2;gamma=0.25
[11/252] manifold-geometry complete: kind=combined;d=4;N=16384;s=2;gamma=1
[12/252] manifold-geometry complete: kind=combined;d=4;N=16384;s=2;gamma=4
/home/jacopominniti_sakana_ai/id-features/.venv/lib/python3.12/site-packages/dadapy/_utils/utils.py:152: UserWarning: There are points with neighbours at 0 distance, meaning the dataset probably has identical points.
This can cause problems in various routines.
We suggest to either perform smearing of distances using
remove_zero_dists()
or remove identical points using
remove_identical_points()).
  warnings.warn(
/home/jacopominniti_sakana_ai/id-features/.venv/lib/python3.12/site-packages/dadapy/id_estimation.py:409: RuntimeWarning: divide by zero encountered in divide
  mus = self.distances[:, nn_ranks[1:]] / self.distances[:, nn_ranks[:-1]]
/home/jacopominniti_sakana_ai/id-features/.venv/lib/python3.12/site-packages/dadapy/id_estimation.py:409: RuntimeWarning: invalid value encountered in divide
  mus = self.distances[:, nn_ranks[1:]] / self.distances[:, nn_ranks[:-1]]
/home/jacopominniti_sakana_ai/id-features/.venv/lib/python3.12/site-packages/dadapy/_utils/utils.py:245: RuntimeWarning: invalid value encountered in multiply
  tmp = np.multiply(factor1**2, factor2)
[13/252] manifold-geometry complete: kind=sparse;d=4;N=4096;s=4;gamma=1
[14/252] manifold-geometry complete: kind=combined;d=4;N=4096;s=4;gamma=0.25
[15/252] manifold-geometry complete: kind=combined;d=4;N=4096;s=4;gamma=1
[16/252] manifold-geometry complete: kind=combined;d=4;N=4096;s=4;gamma=4
/home/jacopominniti_sakana_ai/id-features/.venv/lib/python3.12/site-packages/dadapy/_utils/utils.py:152: UserWarning: There are points with neighbours at 0 distance, meaning the dataset probably has identical points.
This can cause problems in various routines.
We suggest to either perform smearing of distances using
remove_zero_dists()
or remove identical points using
remove_identical_points()).
  warnings.warn(
/home/jacopominniti_sakana_ai/id-features/.venv/lib/python3.12/site-packages/dadapy/id_estimation.py:409: RuntimeWarning: invalid value encountered in divide
  mus = self.distances[:, nn_ranks[1:]] / self.distances[:, nn_ranks[:-1]]
[17/252] manifold-geometry complete: kind=sparse;d=4;N=16384;s=4;gamma=1
[18/252] manifold-geometry complete: kind=combined;d=4;N=16384;s=4;gamma=0.25
[19/252] manifold-geometry complete: kind=combined;d=4;N=16384;s=4;gamma=1
[20/252] manifold-geometry complete: kind=combined;d=4;N=16384;s=4;gamma=4
[21/252] manifold-geometry complete: kind=sparse;d=4;N=4096;s=8;gamma=1
[22/252] manifold-geometry complete: kind=combined;d=4;N=4096;s=8;gamma=0.25
[23/252] manifold-geometry complete: kind=combined;d=4;N=4096;s=8;gamma=1
[24/252] manifold-geometry complete: kind=combined;d=4;N=4096;s=8;gamma=4
[25/252] manifold-geometry complete: kind=sparse;d=4;N=16384;s=8;gamma=1
[26/252] manifold-geometry complete: kind=combined;d=4;N=16384;s=8;gamma=0.25
[27/252] manifold-geometry complete: kind=combined;d=4;N=16384;s=8;gamma=1
[28/252] manifold-geometry complete: kind=combined;d=4;N=16384;s=8;gamma=4
[29/252] manifold-geometry complete: kind=sphere;d=8;N=4096;s=0;gamma=0
[30/252] manifold-geometry complete: kind=residual;d=8;N=4096;s=0;gamma=0
[31/252] manifold-geometry complete: kind=sphere;d=8;N=16384;s=0;gamma=0
[32/252] manifold-geometry complete: kind=residual;d=8;N=16384;s=0;gamma=0
/home/jacopominniti_sakana_ai/id-features/.venv/lib/python3.12/site-packages/dadapy/_utils/utils.py:152: UserWarning: There are points with neighbours at 0 distance, meaning the dataset probably has identical points.
This can cause problems in various routines.
We suggest to either perform smearing of distances using
remove_zero_dists()
or remove identical points using
remove_identical_points()).
  warnings.warn(
/home/jacopominniti_sakana_ai/id-features/.venv/lib/python3.12/site-packages/dadapy/id_estimation.py:409: RuntimeWarning: invalid value encountered in divide
  mus = self.distances[:, nn_ranks[1:]] / self.distances[:, nn_ranks[:-1]]
[33/252] manifold-geometry complete: kind=sparse;d=8;N=4096;s=4;gamma=1
[34/252] manifold-geometry complete: kind=combined;d=8;N=4096;s=4;gamma=0.25
[35/252] manifold-geometry complete: kind=combined;d=8;N=4096;s=4;gamma=1
[36/252] manifold-geometry complete: kind=combined;d=8;N=4096;s=4;gamma=4
/home/jacopominniti_sakana_ai/id-features/.venv/lib/python3.12/site-packages/dadapy/_utils/utils.py:152: UserWarning: There are points with neighbours at 0 distance, meaning the dataset probably has identical points.
This can cause problems in various routines.
We suggest to either perform smearing of distances using
remove_zero_dists()
or remove identical points using
remove_identical_points()).
  warnings.warn(
/home/jacopominniti_sakana_ai/id-features/.venv/lib/python3.12/site-packages/dadapy/id_estimation.py:409: RuntimeWarning: invalid value encountered in divide
  mus = self.distances[:, nn_ranks[1:]] / self.distances[:, nn_ranks[:-1]]
[37/252] manifold-geometry complete: kind=sparse;d=8;N=16384;s=4;gamma=1
[38/252] manifold-geometry complete: kind=combined;d=8;N=16384;s=4;gamma=0.25
[39/252] manifold-geometry complete: kind=combined;d=8;N=16384;s=4;gamma=1
[40/252] manifold-geometry complete: kind=combined;d=8;N=16384;s=4;gamma=4
/home/jacopominniti_sakana_ai/id-features/.venv/lib/python3.12/site-packages/dadapy/_utils/utils.py:152: UserWarning: There are points with neighbours at 0 distance, meaning the dataset probably has identical points.
This can cause problems in various routines.
We suggest to either perform smearing of distances using
remove_zero_dists()
or remove identical points using
remove_identical_points()).
  warnings.warn(
/home/jacopominniti_sakana_ai/id-features/.venv/lib/python3.12/site-packages/dadapy/id_estimation.py:409: RuntimeWarning: divide by zero encountered in divide
  mus = self.distances[:, nn_ranks[1:]] / self.distances[:, nn_ranks[:-1]]
/home/jacopominniti_sakana_ai/id-features/.venv/lib/python3.12/site-packages/dadapy/id_estimation.py:409: RuntimeWarning: invalid value encountered in divide
  mus = self.distances[:, nn_ranks[1:]] / self.distances[:, nn_ranks[:-1]]
/home/jacopominniti_sakana_ai/id-features/.venv/lib/python3.12/site-packages/dadapy/_utils/utils.py:245: RuntimeWarning: invalid value encountered in multiply
  tmp = np.multiply(factor1**2, factor2)
[41/252] manifold-geometry complete: kind=sparse;d=8;N=4096;s=8;gamma=1
[42/252] manifold-geometry complete: kind=combined;d=8;N=4096;s=8;gamma=0.25
[43/252] manifold-geometry complete: kind=combined;d=8;N=4096;s=8;gamma=1
[44/252] manifold-geometry complete: kind=combined;d=8;N=4096;s=8;gamma=4
/home/jacopominniti_sakana_ai/id-features/.venv/lib/python3.12/site-packages/dadapy/_utils/utils.py:152: UserWarning: There are points with neighbours at 0 distance, meaning the dataset probably has identical points.
This can cause problems in various routines.
We suggest to either perform smearing of distances using
remove_zero_dists()
or remove identical points using
remove_identical_points()).
  warnings.warn(
/home/jacopominniti_sakana_ai/id-features/.venv/lib/python3.12/site-packages/dadapy/id_estimation.py:409: RuntimeWarning: divide by zero encountered in divide
  mus = self.distances[:, nn_ranks[1:]] / self.distances[:, nn_ranks[:-1]]
/home/jacopominniti_sakana_ai/id-features/.venv/lib/python3.12/site-packages/dadapy/id_estimation.py:409: RuntimeWarning: invalid value encountered in divide
  mus = self.distances[:, nn_ranks[1:]] / self.distances[:, nn_ranks[:-1]]
/home/jacopominniti_sakana_ai/id-features/.venv/lib/python3.12/site-packages/dadapy/_utils/utils.py:245: RuntimeWarning: invalid value encountered in multiply
  tmp = np.multiply(factor1**2, factor2)
[45/252] manifold-geometry complete: kind=sparse;d=8;N=16384;s=8;gamma=1
[46/252] manifold-geometry complete: kind=combined;d=8;N=16384;s=8;gamma=0.25
[47/252] manifold-geometry complete: kind=combined;d=8;N=16384;s=8;gamma=1
[48/252] manifold-geometry complete: kind=combined;d=8;N=16384;s=8;gamma=4
[49/252] manifold-geometry complete: kind=sparse;d=8;N=4096;s=16;gamma=1
[50/252] manifold-geometry complete: kind=combined;d=8;N=4096;s=16;gamma=0.25
[51/252] manifold-geometry complete: kind=combined;d=8;N=4096;s=16;gamma=1
[52/252] manifold-geometry complete: kind=combined;d=8;N=4096;s=16;gamma=4
[53/252] manifold-geometry complete: kind=sparse;d=8;N=16384;s=16;gamma=1
[54/252] manifold-geometry complete: kind=combined;d=8;N=16384;s=16;gamma=0.25
[55/252] manifold-geometry complete: kind=combined;d=8;N=16384;s=16;gamma=1
[56/252] manifold-geometry complete: kind=combined;d=8;N=16384;s=16;gamma=4
[57/252] manifold-geometry complete: kind=sphere;d=16;N=4096;s=0;gamma=0
[58/252] manifold-geometry complete: kind=residual;d=16;N=4096;s=0;gamma=0
[59/252] manifold-geometry complete: kind=sphere;d=16;N=16384;s=0;gamma=0
[60/252] manifold-geometry complete: kind=residual;d=16;N=16384;s=0;gamma=0
/home/jacopominniti_sakana_ai/id-features/.venv/lib/python3.12/site-packages/dadapy/_utils/utils.py:152: UserWarning: There are points with neighbours at 0 distance, meaning the dataset probably has identical points.
This can cause problems in various routines.
We suggest to either perform smearing of distances using
remove_zero_dists()
or remove identical points using
remove_identical_points()).
  warnings.warn(
/home/jacopominniti_sakana_ai/id-features/.venv/lib/python3.12/site-packages/dadapy/id_estimation.py:409: RuntimeWarning: divide by zero encountered in divide
  mus = self.distances[:, nn_ranks[1:]] / self.distances[:, nn_ranks[:-1]]
/home/jacopominniti_sakana_ai/id-features/.venv/lib/python3.12/site-packages/dadapy/_utils/utils.py:245: RuntimeWarning: invalid value encountered in multiply
  tmp = np.multiply(factor1**2, factor2)
[61/252] manifold-geometry complete: kind=sparse;d=16;N=4096;s=8;gamma=1
[62/252] manifold-geometry complete: kind=combined;d=16;N=4096;s=8;gamma=0.25
[63/252] manifold-geometry complete: kind=combined;d=16;N=4096;s=8;gamma=1
[64/252] manifold-geometry complete: kind=combined;d=16;N=4096;s=8;gamma=4
/home/jacopominniti_sakana_ai/id-features/.venv/lib/python3.12/site-packages/dadapy/_utils/utils.py:152: UserWarning: There are points with neighbours at 0 distance, meaning the dataset probably has identical points.
This can cause problems in various routines.
We suggest to either perform smearing of distances using
remove_zero_dists()
or remove identical points using
remove_identical_points()).
  warnings.warn(
/home/jacopominniti_sakana_ai/id-features/.venv/lib/python3.12/site-packages/dadapy/id_estimation.py:409: RuntimeWarning: divide by zero encountered in divide
  mus = self.distances[:, nn_ranks[1:]] / self.distances[:, nn_ranks[:-1]]
/home/jacopominniti_sakana_ai/id-features/.venv/lib/python3.12/site-packages/dadapy/id_estimation.py:409: RuntimeWarning: invalid value encountered in divide
  mus = self.distances[:, nn_ranks[1:]] / self.distances[:, nn_ranks[:-1]]
/home/jacopominniti_sakana_ai/id-features/.venv/lib/python3.12/site-packages/dadapy/_utils/utils.py:245: RuntimeWarning: invalid value encountered in multiply
  tmp = np.multiply(factor1**2, factor2)
[65/252] manifold-geometry complete: kind=sparse;d=16;N=16384;s=8;gamma=1
[66/252] manifold-geometry complete: kind=combined;d=16;N=16384;s=8;gamma=0.25
[67/252] manifold-geometry complete: kind=combined;d=16;N=16384;s=8;gamma=1
[68/252] manifold-geometry complete: kind=combined;d=16;N=16384;s=8;gamma=4
[69/252] manifold-geometry complete: kind=sparse;d=16;N=4096;s=16;gamma=1
[70/252] manifold-geometry complete: kind=combined;d=16;N=4096;s=16;gamma=0.25
[71/252] manifold-geometry complete: kind=combined;d=16;N=4096;s=16;gamma=1
[72/252] manifold-geometry complete: kind=combined;d=16;N=4096;s=16;gamma=4
[73/252] manifold-geometry complete: kind=sparse;d=16;N=16384;s=16;gamma=1
[74/252] manifold-geometry complete: kind=combined;d=16;N=16384;s=16;gamma=0.25
[75/252] manifold-geometry complete: kind=combined;d=16;N=16384;s=16;gamma=1
[76/252] manifold-geometry complete: kind=combined;d=16;N=16384;s=16;gamma=4
[77/252] manifold-geometry complete: kind=sparse;d=16;N=4096;s=32;gamma=1
[78/252] manifold-geometry complete: kind=combined;d=16;N=4096;s=32;gamma=0.25
[79/252] manifold-geometry complete: kind=combined;d=16;N=4096;s=32;gamma=1
[80/252] manifold-geometry complete: kind=combined;d=16;N=4096;s=32;gamma=4
[81/252] manifold-geometry complete: kind=sparse;d=16;N=16384;s=32;gamma=1
[82/252] manifold-geometry complete: kind=combined;d=16;N=16384;s=32;gamma=0.25
[83/252] manifold-geometry complete: kind=combined;d=16;N=16384;s=32;gamma=1
[84/252] manifold-geometry complete: kind=combined;d=16;N=16384;s=32;gamma=4
[85/252] manifold-geometry complete: kind=sphere;d=4;N=4096;s=0;gamma=0
[86/252] manifold-geometry complete: kind=residual;d=4;N=4096;s=0;gamma=0
[87/252] manifold-geometry complete: kind=sphere;d=4;N=16384;s=0;gamma=0
[88/252] manifold-geometry complete: kind=residual;d=4;N=16384;s=0;gamma=0
/home/jacopominniti_sakana_ai/id-features/.venv/lib/python3.12/site-packages/dadapy/_utils/utils.py:152: UserWarning: There are points with neighbours at 0 distance, meaning the dataset probably has identical points.
This can cause problems in various routines.
We suggest to either perform smearing of distances using
remove_zero_dists()
or remove identical points using
remove_identical_points()).
  warnings.warn(
/home/jacopominniti_sakana_ai/id-features/.venv/lib/python3.12/site-packages/dadapy/id_estimation.py:409: RuntimeWarning: invalid value encountered in divide
  mus = self.distances[:, nn_ranks[1:]] / self.distances[:, nn_ranks[:-1]]
[89/252] manifold-geometry complete: kind=sparse;d=4;N=4096;s=2;gamma=1
[90/252] manifold-geometry complete: kind=combined;d=4;N=4096;s=2;gamma=0.25
[91/252] manifold-geometry complete: kind=combined;d=4;N=4096;s=2;gamma=1
[92/252] manifold-geometry complete: kind=combined;d=4;N=4096;s=2;gamma=4
/home/jacopominniti_sakana_ai/id-features/.venv/lib/python3.12/site-packages/dadapy/_utils/utils.py:152: UserWarning: There are points with neighbours at 0 distance, meaning the dataset probably has identical points.
This can cause problems in various routines.
We suggest to either perform smearing of distances using
remove_zero_dists()
or remove identical points using
remove_identical_points()).
  warnings.warn(
/home/jacopominniti_sakana_ai/id-features/.venv/lib/python3.12/site-packages/dadapy/id_estimation.py:409: RuntimeWarning: invalid value encountered in divide
  mus = self.distances[:, nn_ranks[1:]] / self.distances[:, nn_ranks[:-1]]
[93/252] manifold-geometry complete: kind=sparse;d=4;N=16384;s=2;gamma=1
[94/252] manifold-geometry complete: kind=combined;d=4;N=16384;s=2;gamma=0.25
[95/252] manifold-geometry complete: kind=combined;d=4;N=16384;s=2;gamma=1
[96/252] manifold-geometry complete: kind=combined;d=4;N=16384;s=2;gamma=4
/home/jacopominniti_sakana_ai/id-features/.venv/lib/python3.12/site-packages/dadapy/_utils/utils.py:152: UserWarning: There are points with neighbours at 0 distance, meaning the dataset probably has identical points.
This can cause problems in various routines.
We suggest to either perform smearing of distances using
remove_zero_dists()
or remove identical points using
remove_identical_points()).
  warnings.warn(
/home/jacopominniti_sakana_ai/id-features/.venv/lib/python3.12/site-packages/dadapy/id_estimation.py:409: RuntimeWarning: divide by zero encountered in divide
  mus = self.distances[:, nn_ranks[1:]] / self.distances[:, nn_ranks[:-1]]
/home/jacopominniti_sakana_ai/id-features/.venv/lib/python3.12/site-packages/dadapy/id_estimation.py:409: RuntimeWarning: invalid value encountered in divide
  mus = self.distances[:, nn_ranks[1:]] / self.distances[:, nn_ranks[:-1]]
/home/jacopominniti_sakana_ai/id-features/.venv/lib/python3.12/site-packages/dadapy/_utils/utils.py:245: RuntimeWarning: invalid value encountered in multiply
  tmp = np.multiply(factor1**2, factor2)
[97/252] manifold-geometry complete: kind=sparse;d=4;N=4096;s=4;gamma=1
[98/252] manifold-geometry complete: kind=combined;d=4;N=4096;s=4;gamma=0.25
[99/252] manifold-geometry complete: kind=combined;d=4;N=4096;s=4;gamma=1
[100/252] manifold-geometry complete: kind=combined;d=4;N=4096;s=4;gamma=4
/home/jacopominniti_sakana_ai/id-features/.venv/lib/python3.12/site-packages/dadapy/_utils/utils.py:152: UserWarning: There are points with neighbours at 0 distance, meaning the dataset probably has identical points.
This can cause problems in various routines.
We suggest to either perform smearing of distances using
remove_zero_dists()
or remove identical points using
remove_identical_points()).
  warnings.warn(
/home/jacopominniti_sakana_ai/id-features/.venv/lib/python3.12/site-packages/dadapy/id_estimation.py:409: RuntimeWarning: invalid value encountered in divide
  mus = self.distances[:, nn_ranks[1:]] / self.distances[:, nn_ranks[:-1]]
[101/252] manifold-geometry complete: kind=sparse;d=4;N=16384;s=4;gamma=1
[102/252] manifold-geometry complete: kind=combined;d=4;N=16384;s=4;gamma=0.25
[103/252] manifold-geometry complete: kind=combined;d=4;N=16384;s=4;gamma=1
[104/252] manifold-geometry complete: kind=combined;d=4;N=16384;s=4;gamma=4
[105/252] manifold-geometry complete: kind=sparse;d=4;N=4096;s=8;gamma=1
[106/252] manifold-geometry complete: kind=combined;d=4;N=4096;s=8;gamma=0.25
[107/252] manifold-geometry complete: kind=combined;d=4;N=4096;s=8;gamma=1
[108/252] manifold-geometry complete: kind=combined;d=4;N=4096;s=8;gamma=4
[109/252] manifold-geometry complete: kind=sparse;d=4;N=16384;s=8;gamma=1
[110/252] manifold-geometry complete: kind=combined;d=4;N=16384;s=8;gamma=0.25
[111/252] manifold-geometry complete: kind=combined;d=4;N=16384;s=8;gamma=1
[112/252] manifold-geometry complete: kind=combined;d=4;N=16384;s=8;gamma=4
[113/252] manifold-geometry complete: kind=sphere;d=8;N=4096;s=0;gamma=0
[114/252] manifold-geometry complete: kind=residual;d=8;N=4096;s=0;gamma=0
[115/252] manifold-geometry complete: kind=sphere;d=8;N=16384;s=0;gamma=0
[116/252] manifold-geometry complete: kind=residual;d=8;N=16384;s=0;gamma=0
/home/jacopominniti_sakana_ai/id-features/.venv/lib/python3.12/site-packages/dadapy/_utils/utils.py:152: UserWarning: There are points with neighbours at 0 distance, meaning the dataset probably has identical points.
This can cause problems in various routines.
We suggest to either perform smearing of distances using
remove_zero_dists()
or remove identical points using
remove_identical_points()).
  warnings.warn(
/home/jacopominniti_sakana_ai/id-features/.venv/lib/python3.12/site-packages/dadapy/id_estimation.py:409: RuntimeWarning: divide by zero encountered in divide
  mus = self.distances[:, nn_ranks[1:]] / self.distances[:, nn_ranks[:-1]]
/home/jacopominniti_sakana_ai/id-features/.venv/lib/python3.12/site-packages/dadapy/id_estimation.py:409: RuntimeWarning: invalid value encountered in divide
  mus = self.distances[:, nn_ranks[1:]] / self.distances[:, nn_ranks[:-1]]
/home/jacopominniti_sakana_ai/id-features/.venv/lib/python3.12/site-packages/dadapy/_utils/utils.py:245: RuntimeWarning: invalid value encountered in multiply
  tmp = np.multiply(factor1**2, factor2)
[117/252] manifold-geometry complete: kind=sparse;d=8;N=4096;s=4;gamma=1
[118/252] manifold-geometry complete: kind=combined;d=8;N=4096;s=4;gamma=0.25
[119/252] manifold-geometry complete: kind=combined;d=8;N=4096;s=4;gamma=1
[120/252] manifold-geometry complete: kind=combined;d=8;N=4096;s=4;gamma=4
/home/jacopominniti_sakana_ai/id-features/.venv/lib/python3.12/site-packages/dadapy/_utils/utils.py:152: UserWarning: There are points with neighbours at 0 distance, meaning the dataset probably has identical points.
This can cause problems in various routines.
We suggest to either perform smearing of distances using
remove_zero_dists()
or remove identical points using
remove_identical_points()).
  warnings.warn(
/home/jacopominniti_sakana_ai/id-features/.venv/lib/python3.12/site-packages/dadapy/id_estimation.py:409: RuntimeWarning: invalid value encountered in divide
  mus = self.distances[:, nn_ranks[1:]] / self.distances[:, nn_ranks[:-1]]
[121/252] manifold-geometry complete: kind=sparse;d=8;N=16384;s=4;gamma=1
[122/252] manifold-geometry complete: kind=combined;d=8;N=16384;s=4;gamma=0.25
[123/252] manifold-geometry complete: kind=combined;d=8;N=16384;s=4;gamma=1
[124/252] manifold-geometry complete: kind=combined;d=8;N=16384;s=4;gamma=4
[125/252] manifold-geometry complete: kind=sparse;d=8;N=4096;s=8;gamma=1
[126/252] manifold-geometry complete: kind=combined;d=8;N=4096;s=8;gamma=0.25
[127/252] manifold-geometry complete: kind=combined;d=8;N=4096;s=8;gamma=1
[128/252] manifold-geometry complete: kind=combined;d=8;N=4096;s=8;gamma=4
/home/jacopominniti_sakana_ai/id-features/.venv/lib/python3.12/site-packages/dadapy/_utils/utils.py:152: UserWarning: There are points with neighbours at 0 distance, meaning the dataset probably has identical points.
This can cause problems in various routines.
We suggest to either perform smearing of distances using
remove_zero_dists()
or remove identical points using
remove_identical_points()).
  warnings.warn(
/home/jacopominniti_sakana_ai/id-features/.venv/lib/python3.12/site-packages/dadapy/id_estimation.py:409: RuntimeWarning: divide by zero encountered in divide
  mus = self.distances[:, nn_ranks[1:]] / self.distances[:, nn_ranks[:-1]]
/home/jacopominniti_sakana_ai/id-features/.venv/lib/python3.12/site-packages/dadapy/id_estimation.py:409: RuntimeWarning: invalid value encountered in divide
  mus = self.distances[:, nn_ranks[1:]] / self.distances[:, nn_ranks[:-1]]
/home/jacopominniti_sakana_ai/id-features/.venv/lib/python3.12/site-packages/dadapy/_utils/utils.py:245: RuntimeWarning: invalid value encountered in multiply
  tmp = np.multiply(factor1**2, factor2)
[129/252] manifold-geometry complete: kind=sparse;d=8;N=16384;s=8;gamma=1
[130/252] manifold-geometry complete: kind=combined;d=8;N=16384;s=8;gamma=0.25
[131/252] manifold-geometry complete: kind=combined;d=8;N=16384;s=8;gamma=1
[132/252] manifold-geometry complete: kind=combined;d=8;N=16384;s=8;gamma=4
[133/252] manifold-geometry complete: kind=sparse;d=8;N=4096;s=16;gamma=1
[134/252] manifold-geometry complete: kind=combined;d=8;N=4096;s=16;gamma=0.25
[135/252] manifold-geometry complete: kind=combined;d=8;N=4096;s=16;gamma=1
[136/252] manifold-geometry complete: kind=combined;d=8;N=4096;s=16;gamma=4
[137/252] manifold-geometry complete: kind=sparse;d=8;N=16384;s=16;gamma=1
[138/252] manifold-geometry complete: kind=combined;d=8;N=16384;s=16;gamma=0.25
[139/252] manifold-geometry complete: kind=combined;d=8;N=16384;s=16;gamma=1
[140/252] manifold-geometry complete: kind=combined;d=8;N=16384;s=16;gamma=4
[141/252] manifold-geometry complete: kind=sphere;d=16;N=4096;s=0;gamma=0
[142/252] manifold-geometry complete: kind=residual;d=16;N=4096;s=0;gamma=0
[143/252] manifold-geometry complete: kind=sphere;d=16;N=16384;s=0;gamma=0
[144/252] manifold-geometry complete: kind=residual;d=16;N=16384;s=0;gamma=0
[145/252] manifold-geometry complete: kind=sparse;d=16;N=4096;s=8;gamma=1
[146/252] manifold-geometry complete: kind=combined;d=16;N=4096;s=8;gamma=0.25
[147/252] manifold-geometry complete: kind=combined;d=16;N=4096;s=8;gamma=1
[148/252] manifold-geometry complete: kind=combined;d=16;N=4096;s=8;gamma=4
/home/jacopominniti_sakana_ai/id-features/.venv/lib/python3.12/site-packages/dadapy/_utils/utils.py:152: UserWarning: There are points with neighbours at 0 distance, meaning the dataset probably has identical points.
This can cause problems in various routines.
We suggest to either perform smearing of distances using
remove_zero_dists()
or remove identical points using
remove_identical_points()).
  warnings.warn(
/home/jacopominniti_sakana_ai/id-features/.venv/lib/python3.12/site-packages/dadapy/id_estimation.py:409: RuntimeWarning: divide by zero encountered in divide
  mus = self.distances[:, nn_ranks[1:]] / self.distances[:, nn_ranks[:-1]]
/home/jacopominniti_sakana_ai/id-features/.venv/lib/python3.12/site-packages/dadapy/id_estimation.py:409: RuntimeWarning: invalid value encountered in divide
  mus = self.distances[:, nn_ranks[1:]] / self.distances[:, nn_ranks[:-1]]
/home/jacopominniti_sakana_ai/id-features/.venv/lib/python3.12/site-packages/dadapy/_utils/utils.py:245: RuntimeWarning: invalid value encountered in multiply
  tmp = np.multiply(factor1**2, factor2)
[149/252] manifold-geometry complete: kind=sparse;d=16;N=16384;s=8;gamma=1
[150/252] manifold-geometry complete: kind=combined;d=16;N=16384;s=8;gamma=0.25
[151/252] manifold-geometry complete: kind=combined;d=16;N=16384;s=8;gamma=1
[152/252] manifold-geometry complete: kind=combined;d=16;N=16384;s=8;gamma=4
[153/252] manifold-geometry complete: kind=sparse;d=16;N=4096;s=16;gamma=1
[154/252] manifold-geometry complete: kind=combined;d=16;N=4096;s=16;gamma=0.25
[155/252] manifold-geometry complete: kind=combined;d=16;N=4096;s=16;gamma=1
[156/252] manifold-geometry complete: kind=combined;d=16;N=4096;s=16;gamma=4
[157/252] manifold-geometry complete: kind=sparse;d=16;N=16384;s=16;gamma=1
[158/252] manifold-geometry complete: kind=combined;d=16;N=16384;s=16;gamma=0.25
[159/252] manifold-geometry complete: kind=combined;d=16;N=16384;s=16;gamma=1
[160/252] manifold-geometry complete: kind=combined;d=16;N=16384;s=16;gamma=4
[161/252] manifold-geometry complete: kind=sparse;d=16;N=4096;s=32;gamma=1
[162/252] manifold-geometry complete: kind=combined;d=16;N=4096;s=32;gamma=0.25
[163/252] manifold-geometry complete: kind=combined;d=16;N=4096;s=32;gamma=1
[164/252] manifold-geometry complete: kind=combined;d=16;N=4096;s=32;gamma=4
[165/252] manifold-geometry complete: kind=sparse;d=16;N=16384;s=32;gamma=1
[166/252] manifold-geometry complete: kind=combined;d=16;N=16384;s=32;gamma=0.25
[167/252] manifold-geometry complete: kind=combined;d=16;N=16384;s=32;gamma=1
[168/252] manifold-geometry complete: kind=combined;d=16;N=16384;s=32;gamma=4
[169/252] manifold-geometry complete: kind=sphere;d=4;N=4096;s=0;gamma=0
[170/252] manifold-geometry complete: kind=residual;d=4;N=4096;s=0;gamma=0
[171/252] manifold-geometry complete: kind=sphere;d=4;N=16384;s=0;gamma=0
[172/252] manifold-geometry complete: kind=residual;d=4;N=16384;s=0;gamma=0
/home/jacopominniti_sakana_ai/id-features/.venv/lib/python3.12/site-packages/dadapy/_utils/utils.py:152: UserWarning: There are points with neighbours at 0 distance, meaning the dataset probably has identical points.
This can cause problems in various routines.
We suggest to either perform smearing of distances using
remove_zero_dists()
or remove identical points using
remove_identical_points()).
  warnings.warn(
/home/jacopominniti_sakana_ai/id-features/.venv/lib/python3.12/site-packages/dadapy/id_estimation.py:409: RuntimeWarning: invalid value encountered in divide
  mus = self.distances[:, nn_ranks[1:]] / self.distances[:, nn_ranks[:-1]]
[173/252] manifold-geometry complete: kind=sparse;d=4;N=4096;s=2;gamma=1
[174/252] manifold-geometry complete: kind=combined;d=4;N=4096;s=2;gamma=0.25
[175/252] manifold-geometry complete: kind=combined;d=4;N=4096;s=2;gamma=1
[176/252] manifold-geometry complete: kind=combined;d=4;N=4096;s=2;gamma=4
/home/jacopominniti_sakana_ai/id-features/.venv/lib/python3.12/site-packages/dadapy/_utils/utils.py:152: UserWarning: There are points with neighbours at 0 distance, meaning the dataset probably has identical points.
This can cause problems in various routines.
We suggest to either perform smearing of distances using
remove_zero_dists()
or remove identical points using
remove_identical_points()).
  warnings.warn(
/home/jacopominniti_sakana_ai/id-features/.venv/lib/python3.12/site-packages/dadapy/id_estimation.py:409: RuntimeWarning: invalid value encountered in divide
  mus = self.distances[:, nn_ranks[1:]] / self.distances[:, nn_ranks[:-1]]
[177/252] manifold-geometry complete: kind=sparse;d=4;N=16384;s=2;gamma=1
[178/252] manifold-geometry complete: kind=combined;d=4;N=16384;s=2;gamma=0.25
[179/252] manifold-geometry complete: kind=combined;d=4;N=16384;s=2;gamma=1
[180/252] manifold-geometry complete: kind=combined;d=4;N=16384;s=2;gamma=4
/home/jacopominniti_sakana_ai/id-features/.venv/lib/python3.12/site-packages/dadapy/_utils/utils.py:152: UserWarning: There are points with neighbours at 0 distance, meaning the dataset probably has identical points.
This can cause problems in various routines.
We suggest to either perform smearing of distances using
remove_zero_dists()
or remove identical points using
remove_identical_points()).
  warnings.warn(
/home/jacopominniti_sakana_ai/id-features/.venv/lib/python3.12/site-packages/dadapy/id_estimation.py:409: RuntimeWarning: invalid value encountered in divide
  mus = self.distances[:, nn_ranks[1:]] / self.distances[:, nn_ranks[:-1]]
[181/252] manifold-geometry complete: kind=sparse;d=4;N=4096;s=4;gamma=1
[182/252] manifold-geometry complete: kind=combined;d=4;N=4096;s=4;gamma=0.25
[183/252] manifold-geometry complete: kind=combined;d=4;N=4096;s=4;gamma=1
[184/252] manifold-geometry complete: kind=combined;d=4;N=4096;s=4;gamma=4
/home/jacopominniti_sakana_ai/id-features/.venv/lib/python3.12/site-packages/dadapy/_utils/utils.py:152: UserWarning: There are points with neighbours at 0 distance, meaning the dataset probably has identical points.
This can cause problems in various routines.
We suggest to either perform smearing of distances using
remove_zero_dists()
or remove identical points using
remove_identical_points()).
  warnings.warn(
/home/jacopominniti_sakana_ai/id-features/.venv/lib/python3.12/site-packages/dadapy/id_estimation.py:409: RuntimeWarning: invalid value encountered in divide
  mus = self.distances[:, nn_ranks[1:]] / self.distances[:, nn_ranks[:-1]]
[185/252] manifold-geometry complete: kind=sparse;d=4;N=16384;s=4;gamma=1
[186/252] manifold-geometry complete: kind=combined;d=4;N=16384;s=4;gamma=0.25
[187/252] manifold-geometry complete: kind=combined;d=4;N=16384;s=4;gamma=1
[188/252] manifold-geometry complete: kind=combined;d=4;N=16384;s=4;gamma=4
[189/252] manifold-geometry complete: kind=sparse;d=4;N=4096;s=8;gamma=1
[190/252] manifold-geometry complete: kind=combined;d=4;N=4096;s=8;gamma=0.25
[191/252] manifold-geometry complete: kind=combined;d=4;N=4096;s=8;gamma=1
[192/252] manifold-geometry complete: kind=combined;d=4;N=4096;s=8;gamma=4
[193/252] manifold-geometry complete: kind=sparse;d=4;N=16384;s=8;gamma=1
[194/252] manifold-geometry complete: kind=combined;d=4;N=16384;s=8;gamma=0.25
[195/252] manifold-geometry complete: kind=combined;d=4;N=16384;s=8;gamma=1
[196/252] manifold-geometry complete: kind=combined;d=4;N=16384;s=8;gamma=4
[197/252] manifold-geometry complete: kind=sphere;d=8;N=4096;s=0;gamma=0
[198/252] manifold-geometry complete: kind=residual;d=8;N=4096;s=0;gamma=0
[199/252] manifold-geometry complete: kind=sphere;d=8;N=16384;s=0;gamma=0
[200/252] manifold-geometry complete: kind=residual;d=8;N=16384;s=0;gamma=0
/home/jacopominniti_sakana_ai/id-features/.venv/lib/python3.12/site-packages/dadapy/_utils/utils.py:152: UserWarning: There are points with neighbours at 0 distance, meaning the dataset probably has identical points.
This can cause problems in various routines.
We suggest to either perform smearing of distances using
remove_zero_dists()
or remove identical points using
remove_identical_points()).
  warnings.warn(
/home/jacopominniti_sakana_ai/id-features/.venv/lib/python3.12/site-packages/dadapy/id_estimation.py:409: RuntimeWarning: divide by zero encountered in divide
  mus = self.distances[:, nn_ranks[1:]] / self.distances[:, nn_ranks[:-1]]
/home/jacopominniti_sakana_ai/id-features/.venv/lib/python3.12/site-packages/dadapy/id_estimation.py:409: RuntimeWarning: invalid value encountered in divide
  mus = self.distances[:, nn_ranks[1:]] / self.distances[:, nn_ranks[:-1]]
/home/jacopominniti_sakana_ai/id-features/.venv/lib/python3.12/site-packages/dadapy/_utils/utils.py:245: RuntimeWarning: invalid value encountered in multiply
  tmp = np.multiply(factor1**2, factor2)
[201/252] manifold-geometry complete: kind=sparse;d=8;N=4096;s=4;gamma=1
[202/252] manifold-geometry complete: kind=combined;d=8;N=4096;s=4;gamma=0.25
[203/252] manifold-geometry complete: kind=combined;d=8;N=4096;s=4;gamma=1
[204/252] manifold-geometry complete: kind=combined;d=8;N=4096;s=4;gamma=4
/home/jacopominniti_sakana_ai/id-features/.venv/lib/python3.12/site-packages/dadapy/_utils/utils.py:152: UserWarning: There are points with neighbours at 0 distance, meaning the dataset probably has identical points.
This can cause problems in various routines.
We suggest to either perform smearing of distances using
remove_zero_dists()
or remove identical points using
remove_identical_points()).
  warnings.warn(
/home/jacopominniti_sakana_ai/id-features/.venv/lib/python3.12/site-packages/dadapy/id_estimation.py:409: RuntimeWarning: invalid value encountered in divide
  mus = self.distances[:, nn_ranks[1:]] / self.distances[:, nn_ranks[:-1]]
[205/252] manifold-geometry complete: kind=sparse;d=8;N=16384;s=4;gamma=1
[206/252] manifold-geometry complete: kind=combined;d=8;N=16384;s=4;gamma=0.25
[207/252] manifold-geometry complete: kind=combined;d=8;N=16384;s=4;gamma=1
[208/252] manifold-geometry complete: kind=combined;d=8;N=16384;s=4;gamma=4
[209/252] manifold-geometry complete: kind=sparse;d=8;N=4096;s=8;gamma=1
[210/252] manifold-geometry complete: kind=combined;d=8;N=4096;s=8;gamma=0.25
[211/252] manifold-geometry complete: kind=combined;d=8;N=4096;s=8;gamma=1
[212/252] manifold-geometry complete: kind=combined;d=8;N=4096;s=8;gamma=4
[213/252] manifold-geometry complete: kind=sparse;d=8;N=16384;s=8;gamma=1
[214/252] manifold-geometry complete: kind=combined;d=8;N=16384;s=8;gamma=0.25
[215/252] manifold-geometry complete: kind=combined;d=8;N=16384;s=8;gamma=1
[216/252] manifold-geometry complete: kind=combined;d=8;N=16384;s=8;gamma=4
[217/252] manifold-geometry complete: kind=sparse;d=8;N=4096;s=16;gamma=1
[218/252] manifold-geometry complete: kind=combined;d=8;N=4096;s=16;gamma=0.25
[219/252] manifold-geometry complete: kind=combined;d=8;N=4096;s=16;gamma=1
[220/252] manifold-geometry complete: kind=combined;d=8;N=4096;s=16;gamma=4
[221/252] manifold-geometry complete: kind=sparse;d=8;N=16384;s=16;gamma=1
[222/252] manifold-geometry complete: kind=combined;d=8;N=16384;s=16;gamma=0.25
[223/252] manifold-geometry complete: kind=combined;d=8;N=16384;s=16;gamma=1
[224/252] manifold-geometry complete: kind=combined;d=8;N=16384;s=16;gamma=4
[225/252] manifold-geometry complete: kind=sphere;d=16;N=4096;s=0;gamma=0
[226/252] manifold-geometry complete: kind=residual;d=16;N=4096;s=0;gamma=0
[227/252] manifold-geometry complete: kind=sphere;d=16;N=16384;s=0;gamma=0
[228/252] manifold-geometry complete: kind=residual;d=16;N=16384;s=0;gamma=0
[229/252] manifold-geometry complete: kind=sparse;d=16;N=4096;s=8;gamma=1
[230/252] manifold-geometry complete: kind=combined;d=16;N=4096;s=8;gamma=0.25
[231/252] manifold-geometry complete: kind=combined;d=16;N=4096;s=8;gamma=1
[232/252] manifold-geometry complete: kind=combined;d=16;N=4096;s=8;gamma=4
/home/jacopominniti_sakana_ai/id-features/.venv/lib/python3.12/site-packages/dadapy/_utils/utils.py:152: UserWarning: There are points with neighbours at 0 distance, meaning the dataset probably has identical points.
This can cause problems in various routines.
We suggest to either perform smearing of distances using
remove_zero_dists()
or remove identical points using
remove_identical_points()).
  warnings.warn(
/home/jacopominniti_sakana_ai/id-features/.venv/lib/python3.12/site-packages/dadapy/id_estimation.py:409: RuntimeWarning: divide by zero encountered in divide
  mus = self.distances[:, nn_ranks[1:]] / self.distances[:, nn_ranks[:-1]]
/home/jacopominniti_sakana_ai/id-features/.venv/lib/python3.12/site-packages/dadapy/id_estimation.py:409: RuntimeWarning: invalid value encountered in divide
  mus = self.distances[:, nn_ranks[1:]] / self.distances[:, nn_ranks[:-1]]
/home/jacopominniti_sakana_ai/id-features/.venv/lib/python3.12/site-packages/dadapy/_utils/utils.py:245: RuntimeWarning: invalid value encountered in multiply
  tmp = np.multiply(factor1**2, factor2)
[233/252] manifold-geometry complete: kind=sparse;d=16;N=16384;s=8;gamma=1
[234/252] manifold-geometry complete: kind=combined;d=16;N=16384;s=8;gamma=0.25
[235/252] manifold-geometry complete: kind=combined;d=16;N=16384;s=8;gamma=1
[236/252] manifold-geometry complete: kind=combined;d=16;N=16384;s=8;gamma=4
[237/252] manifold-geometry complete: kind=sparse;d=16;N=4096;s=16;gamma=1
[238/252] manifold-geometry complete: kind=combined;d=16;N=4096;s=16;gamma=0.25
[239/252] manifold-geometry complete: kind=combined;d=16;N=4096;s=16;gamma=1
[240/252] manifold-geometry complete: kind=combined;d=16;N=4096;s=16;gamma=4
[241/252] manifold-geometry complete: kind=sparse;d=16;N=16384;s=16;gamma=1
[242/252] manifold-geometry complete: kind=combined;d=16;N=16384;s=16;gamma=0.25
[243/252] manifold-geometry complete: kind=combined;d=16;N=16384;s=16;gamma=1
[244/252] manifold-geometry complete: kind=combined;d=16;N=16384;s=16;gamma=4
[245/252] manifold-geometry complete: kind=sparse;d=16;N=4096;s=32;gamma=1
[246/252] manifold-geometry complete: kind=combined;d=16;N=4096;s=32;gamma=0.25
[247/252] manifold-geometry complete: kind=combined;d=16;N=4096;s=32;gamma=1
[248/252] manifold-geometry complete: kind=combined;d=16;N=4096;s=32;gamma=4
[249/252] manifold-geometry complete: kind=sparse;d=16;N=16384;s=32;gamma=1
[250/252] manifold-geometry complete: kind=combined;d=16;N=16384;s=32;gamma=0.25
[251/252] manifold-geometry complete: kind=combined;d=16;N=16384;s=32;gamma=1
[252/252] manifold-geometry complete: kind=combined;d=16;N=16384;s=32;gamma=4
Wrote results to results/manifold-geometry-168480
Wrote results/manifold-geometry-168480/overview.png
Read results/manifold-geometry-168480/interpretation.md after inspecting gride_profiles.csv.
